Archive member included to satisfy reference by file (symbol)

d:/installed programs/stm32cubeide_1.4.0/stm32cubeide/plugins/com.st.stm32cube.ide.mcu.externaltools.gnu-tools-for-stm32.7-2018-q2-update.win32_1.4.0.202007081208/tools/bin/../lib/gcc/arm-none-eabi/7.3.1/../../../../arm-none-eabi/lib/thumb/v7-m\libc_nano.a(lib_a-errno.o)
                              Src/syscalls.o (__errno)
d:/installed programs/stm32cubeide_1.4.0/stm32cubeide/plugins/com.st.stm32cube.ide.mcu.externaltools.gnu-tools-for-stm32.7-2018-q2-update.win32_1.4.0.202007081208/tools/bin/../lib/gcc/arm-none-eabi/7.3.1/../../../../arm-none-eabi/lib/thumb/v7-m\libc_nano.a(lib_a-exit.o)
                              d:/installed programs/stm32cubeide_1.4.0/stm32cubeide/plugins/com.st.stm32cube.ide.mcu.externaltools.gnu-tools-for-stm32.7-2018-q2-update.win32_1.4.0.202007081208/tools/bin/../lib/gcc/arm-none-eabi/7.3.1/../../../../arm-none-eabi/lib/thumb/v7-m/crt0.o (exit)
d:/installed programs/stm32cubeide_1.4.0/stm32cubeide/plugins/com.st.stm32cube.ide.mcu.externaltools.gnu-tools-for-stm32.7-2018-q2-update.win32_1.4.0.202007081208/tools/bin/../lib/gcc/arm-none-eabi/7.3.1/../../../../arm-none-eabi/lib/thumb/v7-m\libc_nano.a(lib_a-impure.o)
                              d:/installed programs/stm32cubeide_1.4.0/stm32cubeide/plugins/com.st.stm32cube.ide.mcu.externaltools.gnu-tools-for-stm32.7-2018-q2-update.win32_1.4.0.202007081208/tools/bin/../lib/gcc/arm-none-eabi/7.3.1/../../../../arm-none-eabi/lib/thumb/v7-m\libc_nano.a(lib_a-exit.o) (_global_impure_ptr)
d:/installed programs/stm32cubeide_1.4.0/stm32cubeide/plugins/com.st.stm32cube.ide.mcu.externaltools.gnu-tools-for-stm32.7-2018-q2-update.win32_1.4.0.202007081208/tools/bin/../lib/gcc/arm-none-eabi/7.3.1/../../../../arm-none-eabi/lib/thumb/v7-m\libc_nano.a(lib_a-init.o)
                              d:/installed programs/stm32cubeide_1.4.0/stm32cubeide/plugins/com.st.stm32cube.ide.mcu.externaltools.gnu-tools-for-stm32.7-2018-q2-update.win32_1.4.0.202007081208/tools/bin/../lib/gcc/arm-none-eabi/7.3.1/../../../../arm-none-eabi/lib/thumb/v7-m/crt0.o (__libc_init_array)
d:/installed programs/stm32cubeide_1.4.0/stm32cubeide/plugins/com.st.stm32cube.ide.mcu.externaltools.gnu-tools-for-stm32.7-2018-q2-update.win32_1.4.0.202007081208/tools/bin/../lib/gcc/arm-none-eabi/7.3.1/../../../../arm-none-eabi/lib/thumb/v7-m\libc_nano.a(lib_a-memset.o)
                              d:/installed programs/stm32cubeide_1.4.0/stm32cubeide/plugins/com.st.stm32cube.ide.mcu.externaltools.gnu-tools-for-stm32.7-2018-q2-update.win32_1.4.0.202007081208/tools/bin/../lib/gcc/arm-none-eabi/7.3.1/../../../../arm-none-eabi/lib/thumb/v7-m/crt0.o (memset)

Discarded input sections

 .text          0x0000000000000000        0x0 d:/installed programs/stm32cubeide_1.4.0/stm32cubeide/plugins/com.st.stm32cube.ide.mcu.externaltools.gnu-tools-for-stm32.7-2018-q2-update.win32_1.4.0.202007081208/tools/bin/../lib/gcc/arm-none-eabi/7.3.1/thumb/v7-m/crti.o
 .data          0x0000000000000000        0x0 d:/installed programs/stm32cubeide_1.4.0/stm32cubeide/plugins/com.st.stm32cube.ide.mcu.externaltools.gnu-tools-for-stm32.7-2018-q2-update.win32_1.4.0.202007081208/tools/bin/../lib/gcc/arm-none-eabi/7.3.1/thumb/v7-m/crti.o
 .bss           0x0000000000000000        0x0 d:/installed programs/stm32cubeide_1.4.0/stm32cubeide/plugins/com.st.stm32cube.ide.mcu.externaltools.gnu-tools-for-stm32.7-2018-q2-update.win32_1.4.0.202007081208/tools/bin/../lib/gcc/arm-none-eabi/7.3.1/thumb/v7-m/crti.o
 .data          0x0000000000000000        0x4 d:/installed programs/stm32cubeide_1.4.0/stm32cubeide/plugins/com.st.stm32cube.ide.mcu.externaltools.gnu-tools-for-stm32.7-2018-q2-update.win32_1.4.0.202007081208/tools/bin/../lib/gcc/arm-none-eabi/7.3.1/thumb/v7-m/crtbegin.o
 .text          0x0000000000000000       0x74 d:/installed programs/stm32cubeide_1.4.0/stm32cubeide/plugins/com.st.stm32cube.ide.mcu.externaltools.gnu-tools-for-stm32.7-2018-q2-update.win32_1.4.0.202007081208/tools/bin/../lib/gcc/arm-none-eabi/7.3.1/../../../../arm-none-eabi/lib/thumb/v7-m/crt0.o
 .data          0x0000000000000000        0x0 d:/installed programs/stm32cubeide_1.4.0/stm32cubeide/plugins/com.st.stm32cube.ide.mcu.externaltools.gnu-tools-for-stm32.7-2018-q2-update.win32_1.4.0.202007081208/tools/bin/../lib/gcc/arm-none-eabi/7.3.1/../../../../arm-none-eabi/lib/thumb/v7-m/crt0.o
 .bss           0x0000000000000000        0x0 d:/installed programs/stm32cubeide_1.4.0/stm32cubeide/plugins/com.st.stm32cube.ide.mcu.externaltools.gnu-tools-for-stm32.7-2018-q2-update.win32_1.4.0.202007081208/tools/bin/../lib/gcc/arm-none-eabi/7.3.1/../../../../arm-none-eabi/lib/thumb/v7-m/crt0.o
 .ARM.extab     0x0000000000000000        0x0 d:/installed programs/stm32cubeide_1.4.0/stm32cubeide/plugins/com.st.stm32cube.ide.mcu.externaltools.gnu-tools-for-stm32.7-2018-q2-update.win32_1.4.0.202007081208/tools/bin/../lib/gcc/arm-none-eabi/7.3.1/../../../../arm-none-eabi/lib/thumb/v7-m/crt0.o
 .ARM.exidx     0x0000000000000000        0x8 d:/installed programs/stm32cubeide_1.4.0/stm32cubeide/plugins/com.st.stm32cube.ide.mcu.externaltools.gnu-tools-for-stm32.7-2018-q2-update.win32_1.4.0.202007081208/tools/bin/../lib/gcc/arm-none-eabi/7.3.1/../../../../arm-none-eabi/lib/thumb/v7-m/crt0.o
 .ARM.attributes
                0x0000000000000000       0x1b d:/installed programs/stm32cubeide_1.4.0/stm32cubeide/plugins/com.st.stm32cube.ide.mcu.externaltools.gnu-tools-for-stm32.7-2018-q2-update.win32_1.4.0.202007081208/tools/bin/../lib/gcc/arm-none-eabi/7.3.1/../../../../arm-none-eabi/lib/thumb/v7-m/crt0.o
 .group         0x0000000000000000        0xc MCAL_Stm32F103C8T6_cpp/GPIO_Stm32F103C8T6_cpp/MCAL_GPIO.o
 .group         0x0000000000000000        0xc MCAL_Stm32F103C8T6_cpp/GPIO_Stm32F103C8T6_cpp/MCAL_GPIO.o
 .group         0x0000000000000000        0xc MCAL_Stm32F103C8T6_cpp/GPIO_Stm32F103C8T6_cpp/MCAL_GPIO.o
 .group         0x0000000000000000        0xc MCAL_Stm32F103C8T6_cpp/GPIO_Stm32F103C8T6_cpp/MCAL_GPIO.o
 .group         0x0000000000000000        0xc MCAL_Stm32F103C8T6_cpp/GPIO_Stm32F103C8T6_cpp/MCAL_GPIO.o
 .group         0x0000000000000000        0xc MCAL_Stm32F103C8T6_cpp/GPIO_Stm32F103C8T6_cpp/MCAL_GPIO.o
 .group         0x0000000000000000        0xc MCAL_Stm32F103C8T6_cpp/GPIO_Stm32F103C8T6_cpp/MCAL_GPIO.o
 .group         0x0000000000000000        0xc MCAL_Stm32F103C8T6_cpp/GPIO_Stm32F103C8T6_cpp/MCAL_GPIO.o
 .group         0x0000000000000000        0xc MCAL_Stm32F103C8T6_cpp/GPIO_Stm32F103C8T6_cpp/MCAL_GPIO.o
 .group         0x0000000000000000        0xc MCAL_Stm32F103C8T6_cpp/GPIO_Stm32F103C8T6_cpp/MCAL_GPIO.o
 .group         0x0000000000000000        0xc MCAL_Stm32F103C8T6_cpp/GPIO_Stm32F103C8T6_cpp/MCAL_GPIO.o
 .group         0x0000000000000000        0xc MCAL_Stm32F103C8T6_cpp/GPIO_Stm32F103C8T6_cpp/MCAL_GPIO.o
 .group         0x0000000000000000        0xc MCAL_Stm32F103C8T6_cpp/GPIO_Stm32F103C8T6_cpp/MCAL_GPIO.o
 .group         0x0000000000000000        0xc MCAL_Stm32F103C8T6_cpp/GPIO_Stm32F103C8T6_cpp/MCAL_GPIO.o
 .group         0x0000000000000000        0xc MCAL_Stm32F103C8T6_cpp/GPIO_Stm32F103C8T6_cpp/MCAL_GPIO.o
 .group         0x0000000000000000        0xc MCAL_Stm32F103C8T6_cpp/GPIO_Stm32F103C8T6_cpp/MCAL_GPIO.o
 .group         0x0000000000000000        0xc MCAL_Stm32F103C8T6_cpp/GPIO_Stm32F103C8T6_cpp/MCAL_GPIO.o
 .group         0x0000000000000000        0xc MCAL_Stm32F103C8T6_cpp/GPIO_Stm32F103C8T6_cpp/MCAL_GPIO.o
 .group         0x0000000000000000        0xc MCAL_Stm32F103C8T6_cpp/GPIO_Stm32F103C8T6_cpp/MCAL_GPIO.o
 .group         0x0000000000000000        0xc MCAL_Stm32F103C8T6_cpp/GPIO_Stm32F103C8T6_cpp/MCAL_GPIO.o
 .group         0x0000000000000000        0xc MCAL_Stm32F103C8T6_cpp/GPIO_Stm32F103C8T6_cpp/MCAL_GPIO.o
 .group         0x0000000000000000        0xc MCAL_Stm32F103C8T6_cpp/GPIO_Stm32F103C8T6_cpp/MCAL_GPIO.o
 .group         0x0000000000000000        0xc MCAL_Stm32F103C8T6_cpp/GPIO_Stm32F103C8T6_cpp/MCAL_GPIO.o
 .group         0x0000000000000000        0xc MCAL_Stm32F103C8T6_cpp/GPIO_Stm32F103C8T6_cpp/MCAL_GPIO.o
 .group         0x0000000000000000        0xc MCAL_Stm32F103C8T6_cpp/GPIO_Stm32F103C8T6_cpp/MCAL_GPIO.o
 .group         0x0000000000000000        0xc MCAL_Stm32F103C8T6_cpp/GPIO_Stm32F103C8T6_cpp/MCAL_GPIO.o
 .group         0x0000000000000000        0xc MCAL_Stm32F103C8T6_cpp/GPIO_Stm32F103C8T6_cpp/MCAL_GPIO.o
 .group         0x0000000000000000        0xc MCAL_Stm32F103C8T6_cpp/GPIO_Stm32F103C8T6_cpp/MCAL_GPIO.o
 .group         0x0000000000000000        0xc MCAL_Stm32F103C8T6_cpp/GPIO_Stm32F103C8T6_cpp/MCAL_GPIO.o
 .group         0x0000000000000000        0xc MCAL_Stm32F103C8T6_cpp/GPIO_Stm32F103C8T6_cpp/MCAL_GPIO.o
 .group         0x0000000000000000        0xc MCAL_Stm32F103C8T6_cpp/GPIO_Stm32F103C8T6_cpp/MCAL_GPIO.o
 .group         0x0000000000000000        0xc MCAL_Stm32F103C8T6_cpp/GPIO_Stm32F103C8T6_cpp/MCAL_GPIO.o
 .group         0x0000000000000000        0xc MCAL_Stm32F103C8T6_cpp/GPIO_Stm32F103C8T6_cpp/MCAL_GPIO.o
 .text          0x0000000000000000        0x0 MCAL_Stm32F103C8T6_cpp/GPIO_Stm32F103C8T6_cpp/MCAL_GPIO.o
 .data          0x0000000000000000        0x0 MCAL_Stm32F103C8T6_cpp/GPIO_Stm32F103C8T6_cpp/MCAL_GPIO.o
 .bss           0x0000000000000000        0x0 MCAL_Stm32F103C8T6_cpp/GPIO_Stm32F103C8T6_cpp/MCAL_GPIO.o
 .group         0x0000000000000000        0x8 MCAL_Stm32F103C8T6_cpp/GPIO_Stm32F103C8T6_cpp/MCAL_GPIO_PIN.o
 .group         0x0000000000000000        0xc MCAL_Stm32F103C8T6_cpp/GPIO_Stm32F103C8T6_cpp/MCAL_GPIO_PIN.o
 .group         0x0000000000000000        0xc MCAL_Stm32F103C8T6_cpp/GPIO_Stm32F103C8T6_cpp/MCAL_GPIO_PIN.o
 .group         0x0000000000000000        0xc MCAL_Stm32F103C8T6_cpp/GPIO_Stm32F103C8T6_cpp/MCAL_GPIO_PIN.o
 .group         0x0000000000000000        0xc MCAL_Stm32F103C8T6_cpp/GPIO_Stm32F103C8T6_cpp/MCAL_GPIO_PIN.o
 .group         0x0000000000000000        0xc MCAL_Stm32F103C8T6_cpp/GPIO_Stm32F103C8T6_cpp/MCAL_GPIO_PIN.o
 .group         0x0000000000000000        0xc MCAL_Stm32F103C8T6_cpp/GPIO_Stm32F103C8T6_cpp/MCAL_GPIO_PIN.o
 .group         0x0000000000000000        0xc MCAL_Stm32F103C8T6_cpp/GPIO_Stm32F103C8T6_cpp/MCAL_GPIO_PIN.o
 .group         0x0000000000000000        0xc MCAL_Stm32F103C8T6_cpp/GPIO_Stm32F103C8T6_cpp/MCAL_GPIO_PIN.o
 .group         0x0000000000000000        0xc MCAL_Stm32F103C8T6_cpp/GPIO_Stm32F103C8T6_cpp/MCAL_GPIO_PIN.o
 .group         0x0000000000000000        0xc MCAL_Stm32F103C8T6_cpp/GPIO_Stm32F103C8T6_cpp/MCAL_GPIO_PIN.o
 .group         0x0000000000000000        0xc MCAL_Stm32F103C8T6_cpp/GPIO_Stm32F103C8T6_cpp/MCAL_GPIO_PIN.o
 .group         0x0000000000000000        0xc MCAL_Stm32F103C8T6_cpp/GPIO_Stm32F103C8T6_cpp/MCAL_GPIO_PIN.o
 .group         0x0000000000000000        0xc MCAL_Stm32F103C8T6_cpp/GPIO_Stm32F103C8T6_cpp/MCAL_GPIO_PIN.o
 .group         0x0000000000000000        0xc MCAL_Stm32F103C8T6_cpp/GPIO_Stm32F103C8T6_cpp/MCAL_GPIO_PIN.o
 .group         0x0000000000000000        0xc MCAL_Stm32F103C8T6_cpp/GPIO_Stm32F103C8T6_cpp/MCAL_GPIO_PIN.o
 .group         0x0000000000000000        0xc MCAL_Stm32F103C8T6_cpp/GPIO_Stm32F103C8T6_cpp/MCAL_GPIO_PIN.o
 .group         0x0000000000000000        0xc MCAL_Stm32F103C8T6_cpp/GPIO_Stm32F103C8T6_cpp/MCAL_GPIO_PIN.o
 .group         0x0000000000000000        0xc MCAL_Stm32F103C8T6_cpp/GPIO_Stm32F103C8T6_cpp/MCAL_GPIO_PIN.o
 .group         0x0000000000000000        0xc MCAL_Stm32F103C8T6_cpp/GPIO_Stm32F103C8T6_cpp/MCAL_GPIO_PIN.o
 .group         0x0000000000000000        0xc MCAL_Stm32F103C8T6_cpp/GPIO_Stm32F103C8T6_cpp/MCAL_GPIO_PIN.o
 .group         0x0000000000000000        0xc MCAL_Stm32F103C8T6_cpp/GPIO_Stm32F103C8T6_cpp/MCAL_GPIO_PIN.o
 .group         0x0000000000000000        0xc MCAL_Stm32F103C8T6_cpp/GPIO_Stm32F103C8T6_cpp/MCAL_GPIO_PIN.o
 .group         0x0000000000000000        0xc MCAL_Stm32F103C8T6_cpp/GPIO_Stm32F103C8T6_cpp/MCAL_GPIO_PIN.o
 .group         0x0000000000000000        0xc MCAL_Stm32F103C8T6_cpp/GPIO_Stm32F103C8T6_cpp/MCAL_GPIO_PIN.o
 .group         0x0000000000000000        0xc MCAL_Stm32F103C8T6_cpp/GPIO_Stm32F103C8T6_cpp/MCAL_GPIO_PIN.o
 .group         0x0000000000000000        0xc MCAL_Stm32F103C8T6_cpp/GPIO_Stm32F103C8T6_cpp/MCAL_GPIO_PIN.o
 .group         0x0000000000000000        0xc MCAL_Stm32F103C8T6_cpp/GPIO_Stm32F103C8T6_cpp/MCAL_GPIO_PIN.o
 .group         0x0000000000000000        0xc MCAL_Stm32F103C8T6_cpp/GPIO_Stm32F103C8T6_cpp/MCAL_GPIO_PIN.o
 .group         0x0000000000000000        0xc MCAL_Stm32F103C8T6_cpp/GPIO_Stm32F103C8T6_cpp/MCAL_GPIO_PIN.o
 .group         0x0000000000000000        0xc MCAL_Stm32F103C8T6_cpp/GPIO_Stm32F103C8T6_cpp/MCAL_GPIO_PIN.o
 .group         0x0000000000000000        0xc MCAL_Stm32F103C8T6_cpp/GPIO_Stm32F103C8T6_cpp/MCAL_GPIO_PIN.o
 .group         0x0000000000000000        0xc MCAL_Stm32F103C8T6_cpp/GPIO_Stm32F103C8T6_cpp/MCAL_GPIO_PIN.o
 .group         0x0000000000000000        0xc MCAL_Stm32F103C8T6_cpp/GPIO_Stm32F103C8T6_cpp/MCAL_GPIO_PIN.o
 .text          0x0000000000000000        0x0 MCAL_Stm32F103C8T6_cpp/GPIO_Stm32F103C8T6_cpp/MCAL_GPIO_PIN.o
 .data          0x0000000000000000        0x0 MCAL_Stm32F103C8T6_cpp/GPIO_Stm32F103C8T6_cpp/MCAL_GPIO_PIN.o
 .bss           0x0000000000000000        0x0 MCAL_Stm32F103C8T6_cpp/GPIO_Stm32F103C8T6_cpp/MCAL_GPIO_PIN.o
 .text._ZN13MCAL_GPIO_PINC2EP12GPIO_TypeDefthh
                0x0000000000000000       0x40 MCAL_Stm32F103C8T6_cpp/GPIO_Stm32F103C8T6_cpp/MCAL_GPIO_PIN.o
 .text._ZN13MCAL_GPIO_PIN23MCAL_GPIO_PIN_SetConfigEP12GPIO_TypeDefthh
                0x0000000000000000       0x38 MCAL_Stm32F103C8T6_cpp/GPIO_Stm32F103C8T6_cpp/MCAL_GPIO_PIN.o
 .text._ZN13MCAL_GPIO_PIN23MCAL_GPIO_PIN_SetConfigEP12GPIO_TypeDefth
                0x0000000000000000       0x44 MCAL_Stm32F103C8T6_cpp/GPIO_Stm32F103C8T6_cpp/MCAL_GPIO_PIN.o
 .text._ZN13MCAL_GPIO_PIN19MCAL_GPIO_PIN_WriteEh
                0x0000000000000000       0x32 MCAL_Stm32F103C8T6_cpp/GPIO_Stm32F103C8T6_cpp/MCAL_GPIO_PIN.o
 .text._ZN13MCAL_GPIO_PIN20MCAL_GPIO_PIN_ToggleEv
                0x0000000000000000       0x12 MCAL_Stm32F103C8T6_cpp/GPIO_Stm32F103C8T6_cpp/MCAL_GPIO_PIN.o
 .text._ZN13MCAL_GPIO_PIN18MCAL_GPIO_PIN_LockEv
                0x0000000000000000       0x5c MCAL_Stm32F103C8T6_cpp/GPIO_Stm32F103C8T6_cpp/MCAL_GPIO_PIN.o
 .debug_macro   0x0000000000000000      0xb32 MCAL_Stm32F103C8T6_cpp/GPIO_Stm32F103C8T6_cpp/MCAL_GPIO_PIN.o
 .debug_macro   0x0000000000000000       0x16 MCAL_Stm32F103C8T6_cpp/GPIO_Stm32F103C8T6_cpp/MCAL_GPIO_PIN.o
 .debug_macro   0x0000000000000000       0x1c MCAL_Stm32F103C8T6_cpp/GPIO_Stm32F103C8T6_cpp/MCAL_GPIO_PIN.o
 .debug_macro   0x0000000000000000       0x22 MCAL_Stm32F103C8T6_cpp/GPIO_Stm32F103C8T6_cpp/MCAL_GPIO_PIN.o
 .debug_macro   0x0000000000000000       0x8e MCAL_Stm32F103C8T6_cpp/GPIO_Stm32F103C8T6_cpp/MCAL_GPIO_PIN.o
 .debug_macro   0x0000000000000000       0x51 MCAL_Stm32F103C8T6_cpp/GPIO_Stm32F103C8T6_cpp/MCAL_GPIO_PIN.o
 .debug_macro   0x0000000000000000       0xef MCAL_Stm32F103C8T6_cpp/GPIO_Stm32F103C8T6_cpp/MCAL_GPIO_PIN.o
 .debug_macro   0x0000000000000000       0x6a MCAL_Stm32F103C8T6_cpp/GPIO_Stm32F103C8T6_cpp/MCAL_GPIO_PIN.o
 .debug_macro   0x0000000000000000      0x1df MCAL_Stm32F103C8T6_cpp/GPIO_Stm32F103C8T6_cpp/MCAL_GPIO_PIN.o
 .debug_macro   0x0000000000000000       0x22 MCAL_Stm32F103C8T6_cpp/GPIO_Stm32F103C8T6_cpp/MCAL_GPIO_PIN.o
 .debug_macro   0x0000000000000000      0x168 MCAL_Stm32F103C8T6_cpp/GPIO_Stm32F103C8T6_cpp/MCAL_GPIO_PIN.o
 .debug_macro   0x0000000000000000       0x10 MCAL_Stm32F103C8T6_cpp/GPIO_Stm32F103C8T6_cpp/MCAL_GPIO_PIN.o
 .debug_macro   0x0000000000000000      0x3f4 MCAL_Stm32F103C8T6_cpp/GPIO_Stm32F103C8T6_cpp/MCAL_GPIO_PIN.o
 .debug_macro   0x0000000000000000       0x10 MCAL_Stm32F103C8T6_cpp/GPIO_Stm32F103C8T6_cpp/MCAL_GPIO_PIN.o
 .debug_macro   0x0000000000000000       0x18 MCAL_Stm32F103C8T6_cpp/GPIO_Stm32F103C8T6_cpp/MCAL_GPIO_PIN.o
 .debug_macro   0x0000000000000000       0x46 MCAL_Stm32F103C8T6_cpp/GPIO_Stm32F103C8T6_cpp/MCAL_GPIO_PIN.o
 .debug_macro   0x0000000000000000       0x3c MCAL_Stm32F103C8T6_cpp/GPIO_Stm32F103C8T6_cpp/MCAL_GPIO_PIN.o
 .debug_macro   0x0000000000000000       0x34 MCAL_Stm32F103C8T6_cpp/GPIO_Stm32F103C8T6_cpp/MCAL_GPIO_PIN.o
 .debug_macro   0x0000000000000000       0x16 MCAL_Stm32F103C8T6_cpp/GPIO_Stm32F103C8T6_cpp/MCAL_GPIO_PIN.o
 .debug_macro   0x0000000000000000      0x10e MCAL_Stm32F103C8T6_cpp/GPIO_Stm32F103C8T6_cpp/MCAL_GPIO_PIN.o
 .debug_macro   0x0000000000000000       0x94 MCAL_Stm32F103C8T6_cpp/GPIO_Stm32F103C8T6_cpp/MCAL_GPIO_PIN.o
 .debug_macro   0x0000000000000000       0x52 MCAL_Stm32F103C8T6_cpp/GPIO_Stm32F103C8T6_cpp/MCAL_GPIO_PIN.o
 .debug_macro   0x0000000000000000       0x1f MCAL_Stm32F103C8T6_cpp/GPIO_Stm32F103C8T6_cpp/MCAL_GPIO_PIN.o
 .debug_macro   0x0000000000000000       0x43 MCAL_Stm32F103C8T6_cpp/GPIO_Stm32F103C8T6_cpp/MCAL_GPIO_PIN.o
 .debug_macro   0x0000000000000000       0x20 MCAL_Stm32F103C8T6_cpp/GPIO_Stm32F103C8T6_cpp/MCAL_GPIO_PIN.o
 .debug_macro   0x0000000000000000      0x1a3 MCAL_Stm32F103C8T6_cpp/GPIO_Stm32F103C8T6_cpp/MCAL_GPIO_PIN.o
 .debug_macro   0x0000000000000000      0x353 MCAL_Stm32F103C8T6_cpp/GPIO_Stm32F103C8T6_cpp/MCAL_GPIO_PIN.o
 .debug_macro   0x0000000000000000       0x16 MCAL_Stm32F103C8T6_cpp/GPIO_Stm32F103C8T6_cpp/MCAL_GPIO_PIN.o
 .debug_macro   0x0000000000000000       0x29 MCAL_Stm32F103C8T6_cpp/GPIO_Stm32F103C8T6_cpp/MCAL_GPIO_PIN.o
 .debug_macro   0x0000000000000000       0x1c MCAL_Stm32F103C8T6_cpp/GPIO_Stm32F103C8T6_cpp/MCAL_GPIO_PIN.o
 .debug_macro   0x0000000000000000       0xde MCAL_Stm32F103C8T6_cpp/GPIO_Stm32F103C8T6_cpp/MCAL_GPIO_PIN.o
 .debug_macro   0x0000000000000000      0x2ee MCAL_Stm32F103C8T6_cpp/GPIO_Stm32F103C8T6_cpp/MCAL_GPIO_PIN.o
 .debug_macro   0x0000000000000000       0xca MCAL_Stm32F103C8T6_cpp/GPIO_Stm32F103C8T6_cpp/MCAL_GPIO_PIN.o
 .group         0x0000000000000000        0x8 MCAL_Stm32F103C8T6_cpp/GPIO_Stm32F103C8T6_cpp/MCAL_GPIO_PORT.o
 .group         0x0000000000000000        0xc MCAL_Stm32F103C8T6_cpp/GPIO_Stm32F103C8T6_cpp/MCAL_GPIO_PORT.o
 .group         0x0000000000000000        0xc MCAL_Stm32F103C8T6_cpp/GPIO_Stm32F103C8T6_cpp/MCAL_GPIO_PORT.o
 .group         0x0000000000000000        0xc MCAL_Stm32F103C8T6_cpp/GPIO_Stm32F103C8T6_cpp/MCAL_GPIO_PORT.o
 .group         0x0000000000000000        0xc MCAL_Stm32F103C8T6_cpp/GPIO_Stm32F103C8T6_cpp/MCAL_GPIO_PORT.o
 .group         0x0000000000000000        0xc MCAL_Stm32F103C8T6_cpp/GPIO_Stm32F103C8T6_cpp/MCAL_GPIO_PORT.o
 .group         0x0000000000000000        0xc MCAL_Stm32F103C8T6_cpp/GPIO_Stm32F103C8T6_cpp/MCAL_GPIO_PORT.o
 .group         0x0000000000000000        0xc MCAL_Stm32F103C8T6_cpp/GPIO_Stm32F103C8T6_cpp/MCAL_GPIO_PORT.o
 .group         0x0000000000000000        0xc MCAL_Stm32F103C8T6_cpp/GPIO_Stm32F103C8T6_cpp/MCAL_GPIO_PORT.o
 .group         0x0000000000000000        0xc MCAL_Stm32F103C8T6_cpp/GPIO_Stm32F103C8T6_cpp/MCAL_GPIO_PORT.o
 .group         0x0000000000000000        0xc MCAL_Stm32F103C8T6_cpp/GPIO_Stm32F103C8T6_cpp/MCAL_GPIO_PORT.o
 .group         0x0000000000000000        0xc MCAL_Stm32F103C8T6_cpp/GPIO_Stm32F103C8T6_cpp/MCAL_GPIO_PORT.o
 .group         0x0000000000000000        0xc MCAL_Stm32F103C8T6_cpp/GPIO_Stm32F103C8T6_cpp/MCAL_GPIO_PORT.o
 .group         0x0000000000000000        0xc MCAL_Stm32F103C8T6_cpp/GPIO_Stm32F103C8T6_cpp/MCAL_GPIO_PORT.o
 .group         0x0000000000000000        0xc MCAL_Stm32F103C8T6_cpp/GPIO_Stm32F103C8T6_cpp/MCAL_GPIO_PORT.o
 .group         0x0000000000000000        0xc MCAL_Stm32F103C8T6_cpp/GPIO_Stm32F103C8T6_cpp/MCAL_GPIO_PORT.o
 .group         0x0000000000000000        0xc MCAL_Stm32F103C8T6_cpp/GPIO_Stm32F103C8T6_cpp/MCAL_GPIO_PORT.o
 .group         0x0000000000000000        0xc MCAL_Stm32F103C8T6_cpp/GPIO_Stm32F103C8T6_cpp/MCAL_GPIO_PORT.o
 .group         0x0000000000000000        0xc MCAL_Stm32F103C8T6_cpp/GPIO_Stm32F103C8T6_cpp/MCAL_GPIO_PORT.o
 .group         0x0000000000000000        0xc MCAL_Stm32F103C8T6_cpp/GPIO_Stm32F103C8T6_cpp/MCAL_GPIO_PORT.o
 .group         0x0000000000000000        0xc MCAL_Stm32F103C8T6_cpp/GPIO_Stm32F103C8T6_cpp/MCAL_GPIO_PORT.o
 .group         0x0000000000000000        0xc MCAL_Stm32F103C8T6_cpp/GPIO_Stm32F103C8T6_cpp/MCAL_GPIO_PORT.o
 .group         0x0000000000000000        0xc MCAL_Stm32F103C8T6_cpp/GPIO_Stm32F103C8T6_cpp/MCAL_GPIO_PORT.o
 .group         0x0000000000000000        0xc MCAL_Stm32F103C8T6_cpp/GPIO_Stm32F103C8T6_cpp/MCAL_GPIO_PORT.o
 .group         0x0000000000000000        0xc MCAL_Stm32F103C8T6_cpp/GPIO_Stm32F103C8T6_cpp/MCAL_GPIO_PORT.o
 .group         0x0000000000000000        0xc MCAL_Stm32F103C8T6_cpp/GPIO_Stm32F103C8T6_cpp/MCAL_GPIO_PORT.o
 .group         0x0000000000000000        0xc MCAL_Stm32F103C8T6_cpp/GPIO_Stm32F103C8T6_cpp/MCAL_GPIO_PORT.o
 .group         0x0000000000000000        0xc MCAL_Stm32F103C8T6_cpp/GPIO_Stm32F103C8T6_cpp/MCAL_GPIO_PORT.o
 .group         0x0000000000000000        0xc MCAL_Stm32F103C8T6_cpp/GPIO_Stm32F103C8T6_cpp/MCAL_GPIO_PORT.o
 .group         0x0000000000000000        0xc MCAL_Stm32F103C8T6_cpp/GPIO_Stm32F103C8T6_cpp/MCAL_GPIO_PORT.o
 .group         0x0000000000000000        0xc MCAL_Stm32F103C8T6_cpp/GPIO_Stm32F103C8T6_cpp/MCAL_GPIO_PORT.o
 .group         0x0000000000000000        0xc MCAL_Stm32F103C8T6_cpp/GPIO_Stm32F103C8T6_cpp/MCAL_GPIO_PORT.o
 .group         0x0000000000000000        0xc MCAL_Stm32F103C8T6_cpp/GPIO_Stm32F103C8T6_cpp/MCAL_GPIO_PORT.o
 .group         0x0000000000000000        0xc MCAL_Stm32F103C8T6_cpp/GPIO_Stm32F103C8T6_cpp/MCAL_GPIO_PORT.o
 .text          0x0000000000000000        0x0 MCAL_Stm32F103C8T6_cpp/GPIO_Stm32F103C8T6_cpp/MCAL_GPIO_PORT.o
 .data          0x0000000000000000        0x0 MCAL_Stm32F103C8T6_cpp/GPIO_Stm32F103C8T6_cpp/MCAL_GPIO_PORT.o
 .bss           0x0000000000000000        0x0 MCAL_Stm32F103C8T6_cpp/GPIO_Stm32F103C8T6_cpp/MCAL_GPIO_PORT.o
 .text._ZN9MCAL_GPIOC2Ev
                0x0000000000000000       0x14 MCAL_Stm32F103C8T6_cpp/GPIO_Stm32F103C8T6_cpp/MCAL_GPIO_PORT.o
 .text._ZN14MCAL_GPIO_PORTC2EP12GPIO_TypeDefh
                0x0000000000000000       0x3e MCAL_Stm32F103C8T6_cpp/GPIO_Stm32F103C8T6_cpp/MCAL_GPIO_PORT.o
 .text._ZN14MCAL_GPIO_PORT24MCAL_GPIO_PORT_SetConfigEP12GPIO_TypeDefhh
                0x0000000000000000       0x32 MCAL_Stm32F103C8T6_cpp/GPIO_Stm32F103C8T6_cpp/MCAL_GPIO_PORT.o
 .text._ZN14MCAL_GPIO_PORT24MCAL_GPIO_PORT_SetConfigEP12GPIO_TypeDefh
                0x0000000000000000       0x36 MCAL_Stm32F103C8T6_cpp/GPIO_Stm32F103C8T6_cpp/MCAL_GPIO_PORT.o
 .text._ZN14MCAL_GPIO_PORT21MCAL_GPIO_PORT_DeInitEv
                0x0000000000000000       0xdc MCAL_Stm32F103C8T6_cpp/GPIO_Stm32F103C8T6_cpp/MCAL_GPIO_PORT.o
 .text._ZN14MCAL_GPIO_PORT19MCAL_GPIO_PORT_ReadEv
                0x0000000000000000       0x1a MCAL_Stm32F103C8T6_cpp/GPIO_Stm32F103C8T6_cpp/MCAL_GPIO_PORT.o
 .debug_macro   0x0000000000000000      0xb32 MCAL_Stm32F103C8T6_cpp/GPIO_Stm32F103C8T6_cpp/MCAL_GPIO_PORT.o
 .debug_macro   0x0000000000000000       0x16 MCAL_Stm32F103C8T6_cpp/GPIO_Stm32F103C8T6_cpp/MCAL_GPIO_PORT.o
 .debug_macro   0x0000000000000000       0x1c MCAL_Stm32F103C8T6_cpp/GPIO_Stm32F103C8T6_cpp/MCAL_GPIO_PORT.o
 .debug_macro   0x0000000000000000       0x22 MCAL_Stm32F103C8T6_cpp/GPIO_Stm32F103C8T6_cpp/MCAL_GPIO_PORT.o
 .debug_macro   0x0000000000000000       0x8e MCAL_Stm32F103C8T6_cpp/GPIO_Stm32F103C8T6_cpp/MCAL_GPIO_PORT.o
 .debug_macro   0x0000000000000000       0x51 MCAL_Stm32F103C8T6_cpp/GPIO_Stm32F103C8T6_cpp/MCAL_GPIO_PORT.o
 .debug_macro   0x0000000000000000       0xef MCAL_Stm32F103C8T6_cpp/GPIO_Stm32F103C8T6_cpp/MCAL_GPIO_PORT.o
 .debug_macro   0x0000000000000000       0x6a MCAL_Stm32F103C8T6_cpp/GPIO_Stm32F103C8T6_cpp/MCAL_GPIO_PORT.o
 .debug_macro   0x0000000000000000      0x1df MCAL_Stm32F103C8T6_cpp/GPIO_Stm32F103C8T6_cpp/MCAL_GPIO_PORT.o
 .debug_macro   0x0000000000000000       0x22 MCAL_Stm32F103C8T6_cpp/GPIO_Stm32F103C8T6_cpp/MCAL_GPIO_PORT.o
 .debug_macro   0x0000000000000000      0x168 MCAL_Stm32F103C8T6_cpp/GPIO_Stm32F103C8T6_cpp/MCAL_GPIO_PORT.o
 .debug_macro   0x0000000000000000       0x10 MCAL_Stm32F103C8T6_cpp/GPIO_Stm32F103C8T6_cpp/MCAL_GPIO_PORT.o
 .debug_macro   0x0000000000000000      0x3f4 MCAL_Stm32F103C8T6_cpp/GPIO_Stm32F103C8T6_cpp/MCAL_GPIO_PORT.o
 .debug_macro   0x0000000000000000       0x10 MCAL_Stm32F103C8T6_cpp/GPIO_Stm32F103C8T6_cpp/MCAL_GPIO_PORT.o
 .debug_macro   0x0000000000000000       0x18 MCAL_Stm32F103C8T6_cpp/GPIO_Stm32F103C8T6_cpp/MCAL_GPIO_PORT.o
 .debug_macro   0x0000000000000000       0x46 MCAL_Stm32F103C8T6_cpp/GPIO_Stm32F103C8T6_cpp/MCAL_GPIO_PORT.o
 .debug_macro   0x0000000000000000       0x3c MCAL_Stm32F103C8T6_cpp/GPIO_Stm32F103C8T6_cpp/MCAL_GPIO_PORT.o
 .debug_macro   0x0000000000000000       0x34 MCAL_Stm32F103C8T6_cpp/GPIO_Stm32F103C8T6_cpp/MCAL_GPIO_PORT.o
 .debug_macro   0x0000000000000000       0x16 MCAL_Stm32F103C8T6_cpp/GPIO_Stm32F103C8T6_cpp/MCAL_GPIO_PORT.o
 .debug_macro   0x0000000000000000      0x10e MCAL_Stm32F103C8T6_cpp/GPIO_Stm32F103C8T6_cpp/MCAL_GPIO_PORT.o
 .debug_macro   0x0000000000000000       0x94 MCAL_Stm32F103C8T6_cpp/GPIO_Stm32F103C8T6_cpp/MCAL_GPIO_PORT.o
 .debug_macro   0x0000000000000000       0x52 MCAL_Stm32F103C8T6_cpp/GPIO_Stm32F103C8T6_cpp/MCAL_GPIO_PORT.o
 .debug_macro   0x0000000000000000       0x1f MCAL_Stm32F103C8T6_cpp/GPIO_Stm32F103C8T6_cpp/MCAL_GPIO_PORT.o
 .debug_macro   0x0000000000000000       0x43 MCAL_Stm32F103C8T6_cpp/GPIO_Stm32F103C8T6_cpp/MCAL_GPIO_PORT.o
 .debug_macro   0x0000000000000000       0x20 MCAL_Stm32F103C8T6_cpp/GPIO_Stm32F103C8T6_cpp/MCAL_GPIO_PORT.o
 .debug_macro   0x0000000000000000      0x1a3 MCAL_Stm32F103C8T6_cpp/GPIO_Stm32F103C8T6_cpp/MCAL_GPIO_PORT.o
 .debug_macro   0x0000000000000000      0x353 MCAL_Stm32F103C8T6_cpp/GPIO_Stm32F103C8T6_cpp/MCAL_GPIO_PORT.o
 .debug_macro   0x0000000000000000       0x16 MCAL_Stm32F103C8T6_cpp/GPIO_Stm32F103C8T6_cpp/MCAL_GPIO_PORT.o
 .debug_macro   0x0000000000000000       0x29 MCAL_Stm32F103C8T6_cpp/GPIO_Stm32F103C8T6_cpp/MCAL_GPIO_PORT.o
 .debug_macro   0x0000000000000000       0x1c MCAL_Stm32F103C8T6_cpp/GPIO_Stm32F103C8T6_cpp/MCAL_GPIO_PORT.o
 .debug_macro   0x0000000000000000       0xde MCAL_Stm32F103C8T6_cpp/GPIO_Stm32F103C8T6_cpp/MCAL_GPIO_PORT.o
 .debug_macro   0x0000000000000000      0x2ee MCAL_Stm32F103C8T6_cpp/GPIO_Stm32F103C8T6_cpp/MCAL_GPIO_PORT.o
 .debug_macro   0x0000000000000000       0xca MCAL_Stm32F103C8T6_cpp/GPIO_Stm32F103C8T6_cpp/MCAL_GPIO_PORT.o
 .group         0x0000000000000000        0xc Src/main.o
 .group         0x0000000000000000        0xc Src/main.o
 .group         0x0000000000000000        0xc Src/main.o
 .group         0x0000000000000000        0xc Src/main.o
 .group         0x0000000000000000        0xc Src/main.o
 .group         0x0000000000000000        0xc Src/main.o
 .group         0x0000000000000000        0xc Src/main.o
 .group         0x0000000000000000        0xc Src/main.o
 .group         0x0000000000000000        0xc Src/main.o
 .group         0x0000000000000000        0xc Src/main.o
 .group         0x0000000000000000        0xc Src/main.o
 .group         0x0000000000000000        0xc Src/main.o
 .group         0x0000000000000000        0xc Src/main.o
 .group         0x0000000000000000        0xc Src/main.o
 .group         0x0000000000000000        0xc Src/main.o
 .group         0x0000000000000000        0xc Src/main.o
 .group         0x0000000000000000        0xc Src/main.o
 .group         0x0000000000000000        0xc Src/main.o
 .group         0x0000000000000000        0xc Src/main.o
 .group         0x0000000000000000        0xc Src/main.o
 .group         0x0000000000000000        0xc Src/main.o
 .group         0x0000000000000000        0xc Src/main.o
 .group         0x0000000000000000        0xc Src/main.o
 .group         0x0000000000000000        0xc Src/main.o
 .group         0x0000000000000000        0xc Src/main.o
 .group         0x0000000000000000        0xc Src/main.o
 .group         0x0000000000000000        0xc Src/main.o
 .group         0x0000000000000000        0xc Src/main.o
 .group         0x0000000000000000        0xc Src/main.o
 .group         0x0000000000000000        0xc Src/main.o
 .group         0x0000000000000000        0xc Src/main.o
 .group         0x0000000000000000        0xc Src/main.o
 .group         0x0000000000000000        0xc Src/main.o
 .text          0x0000000000000000        0x0 Src/main.o
 .data          0x0000000000000000        0x0 Src/main.o
 .bss           0x0000000000000000        0x0 Src/main.o
 .debug_macro   0x0000000000000000      0xb32 Src/main.o
 .debug_macro   0x0000000000000000       0x16 Src/main.o
 .debug_macro   0x0000000000000000       0x1c Src/main.o
 .debug_macro   0x0000000000000000       0x22 Src/main.o
 .debug_macro   0x0000000000000000       0x8e Src/main.o
 .debug_macro   0x0000000000000000       0x51 Src/main.o
 .debug_macro   0x0000000000000000       0xef Src/main.o
 .debug_macro   0x0000000000000000       0x6a Src/main.o
 .debug_macro   0x0000000000000000      0x1df Src/main.o
 .debug_macro   0x0000000000000000       0x22 Src/main.o
 .debug_macro   0x0000000000000000      0x168 Src/main.o
 .debug_macro   0x0000000000000000       0x10 Src/main.o
 .debug_macro   0x0000000000000000      0x3f4 Src/main.o
 .debug_macro   0x0000000000000000       0x10 Src/main.o
 .debug_macro   0x0000000000000000       0x18 Src/main.o
 .debug_macro   0x0000000000000000       0x46 Src/main.o
 .debug_macro   0x0000000000000000       0x3c Src/main.o
 .debug_macro   0x0000000000000000       0x34 Src/main.o
 .debug_macro   0x0000000000000000       0x16 Src/main.o
 .debug_macro   0x0000000000000000      0x10e Src/main.o
 .debug_macro   0x0000000000000000       0x94 Src/main.o
 .debug_macro   0x0000000000000000       0x52 Src/main.o
 .debug_macro   0x0000000000000000       0x1f Src/main.o
 .debug_macro   0x0000000000000000       0x43 Src/main.o
 .debug_macro   0x0000000000000000       0x20 Src/main.o
 .debug_macro   0x0000000000000000      0x1a3 Src/main.o
 .debug_macro   0x0000000000000000      0x353 Src/main.o
 .debug_macro   0x0000000000000000       0x16 Src/main.o
 .debug_macro   0x0000000000000000       0x29 Src/main.o
 .debug_macro   0x0000000000000000       0x1c Src/main.o
 .debug_macro   0x0000000000000000       0xde Src/main.o
 .debug_macro   0x0000000000000000      0x2ee Src/main.o
 .debug_macro   0x0000000000000000       0xca Src/main.o
 .group         0x0000000000000000        0xc Src/syscalls.o
 .group         0x0000000000000000        0xc Src/syscalls.o
 .group         0x0000000000000000        0xc Src/syscalls.o
 .group         0x0000000000000000        0xc Src/syscalls.o
 .group         0x0000000000000000        0xc Src/syscalls.o
 .group         0x0000000000000000        0xc Src/syscalls.o
 .group         0x0000000000000000        0xc Src/syscalls.o
 .group         0x0000000000000000        0xc Src/syscalls.o
 .group         0x0000000000000000        0xc Src/syscalls.o
 .group         0x0000000000000000        0xc Src/syscalls.o
 .group         0x0000000000000000        0xc Src/syscalls.o
 .group         0x0000000000000000        0xc Src/syscalls.o
 .group         0x0000000000000000        0xc Src/syscalls.o
 .group         0x0000000000000000        0xc Src/syscalls.o
 .group         0x0000000000000000        0xc Src/syscalls.o
 .group         0x0000000000000000        0xc Src/syscalls.o
 .group         0x0000000000000000        0xc Src/syscalls.o
 .group         0x0000000000000000        0xc Src/syscalls.o
 .group         0x0000000000000000        0xc Src/syscalls.o
 .group         0x0000000000000000        0xc Src/syscalls.o
 .group         0x0000000000000000        0xc Src/syscalls.o
 .group         0x0000000000000000        0xc Src/syscalls.o
 .group         0x0000000000000000        0xc Src/syscalls.o
 .group         0x0000000000000000        0xc Src/syscalls.o
 .group         0x0000000000000000        0xc Src/syscalls.o
 .group         0x0000000000000000        0xc Src/syscalls.o
 .group         0x0000000000000000        0xc Src/syscalls.o
 .group         0x0000000000000000        0xc Src/syscalls.o
 .group         0x0000000000000000        0xc Src/syscalls.o
 .group         0x0000000000000000        0xc Src/syscalls.o
 .group         0x0000000000000000        0xc Src/syscalls.o
 .group         0x0000000000000000        0xc Src/syscalls.o
 .group         0x0000000000000000        0xc Src/syscalls.o
 .group         0x0000000000000000        0xc Src/syscalls.o
 .group         0x0000000000000000        0xc Src/syscalls.o
 .group         0x0000000000000000        0xc Src/syscalls.o
 .group         0x0000000000000000        0xc Src/syscalls.o
 .group         0x0000000000000000        0xc Src/syscalls.o
 .group         0x0000000000000000        0xc Src/syscalls.o
 .group         0x0000000000000000        0xc Src/syscalls.o
 .group         0x0000000000000000        0xc Src/syscalls.o
 .group         0x0000000000000000        0xc Src/syscalls.o
 .group         0x0000000000000000        0xc Src/syscalls.o
 .group         0x0000000000000000        0xc Src/syscalls.o
 .text          0x0000000000000000        0x0 Src/syscalls.o
 .data          0x0000000000000000        0x0 Src/syscalls.o
 .bss           0x0000000000000000        0x0 Src/syscalls.o
 .bss.__env     0x0000000000000000        0x4 Src/syscalls.o
 .data.environ  0x0000000000000000        0x4 Src/syscalls.o
 .text.initialise_monitor_handles
                0x0000000000000000        0xc Src/syscalls.o
 .text._getpid  0x0000000000000000        0xe Src/syscalls.o
 .text._kill    0x0000000000000000       0x20 Src/syscalls.o
 .text._exit    0x0000000000000000       0x14 Src/syscalls.o
 .text._read    0x0000000000000000       0x3a Src/syscalls.o
 .text._write   0x0000000000000000       0x38 Src/syscalls.o
 .text._close   0x0000000000000000       0x16 Src/syscalls.o
 .text._fstat   0x0000000000000000       0x1e Src/syscalls.o
 .text._isatty  0x0000000000000000       0x14 Src/syscalls.o
 .text._lseek   0x0000000000000000       0x18 Src/syscalls.o
 .text._open    0x0000000000000000       0x1a Src/syscalls.o
 .text._wait    0x0000000000000000       0x1e Src/syscalls.o
 .text._unlink  0x0000000000000000       0x1e Src/syscalls.o
 .text._times   0x0000000000000000       0x16 Src/syscalls.o
 .text._stat    0x0000000000000000       0x1e Src/syscalls.o
 .text._link    0x0000000000000000       0x20 Src/syscalls.o
 .text._fork    0x0000000000000000       0x16 Src/syscalls.o
 .text._execve  0x0000000000000000       0x22 Src/syscalls.o
 .debug_info    0x0000000000000000      0xebd Src/syscalls.o
 .debug_abbrev  0x0000000000000000      0x261 Src/syscalls.o
 .debug_aranges
                0x0000000000000000       0xa8 Src/syscalls.o
 .debug_ranges  0x0000000000000000       0x98 Src/syscalls.o
 .debug_macro   0x0000000000000000      0x243 Src/syscalls.o
 .debug_macro   0x0000000000000000      0xa60 Src/syscalls.o
 .debug_macro   0x0000000000000000       0x22 Src/syscalls.o
 .debug_macro   0x0000000000000000       0x40 Src/syscalls.o
 .debug_macro   0x0000000000000000       0x18 Src/syscalls.o
 .debug_macro   0x0000000000000000       0x94 Src/syscalls.o
 .debug_macro   0x0000000000000000       0x3c Src/syscalls.o
 .debug_macro   0x0000000000000000       0x34 Src/syscalls.o
 .debug_macro   0x0000000000000000       0x57 Src/syscalls.o
 .debug_macro   0x0000000000000000      0x174 Src/syscalls.o
 .debug_macro   0x0000000000000000      0x330 Src/syscalls.o
 .debug_macro   0x0000000000000000       0x52 Src/syscalls.o
 .debug_macro   0x0000000000000000       0x1f Src/syscalls.o
 .debug_macro   0x0000000000000000       0x43 Src/syscalls.o
 .debug_macro   0x0000000000000000       0x20 Src/syscalls.o
 .debug_macro   0x0000000000000000      0x1a3 Src/syscalls.o
 .debug_macro   0x0000000000000000       0x10 Src/syscalls.o
 .debug_macro   0x0000000000000000       0x35 Src/syscalls.o
 .debug_macro   0x0000000000000000       0x10 Src/syscalls.o
 .debug_macro   0x0000000000000000       0x10 Src/syscalls.o
 .debug_macro   0x0000000000000000       0x10 Src/syscalls.o
 .debug_macro   0x0000000000000000       0x6a Src/syscalls.o
 .debug_macro   0x0000000000000000       0x1c Src/syscalls.o
 .debug_macro   0x0000000000000000       0x52 Src/syscalls.o
 .debug_macro   0x0000000000000000       0x40 Src/syscalls.o
 .debug_macro   0x0000000000000000       0x10 Src/syscalls.o
 .debug_macro   0x0000000000000000       0x40 Src/syscalls.o
 .debug_macro   0x0000000000000000       0xd7 Src/syscalls.o
 .debug_macro   0x0000000000000000       0x1c Src/syscalls.o
 .debug_macro   0x0000000000000000       0x3d Src/syscalls.o
 .debug_macro   0x0000000000000000       0x35 Src/syscalls.o
 .debug_macro   0x0000000000000000      0x122 Src/syscalls.o
 .debug_macro   0x0000000000000000       0x16 Src/syscalls.o
 .debug_macro   0x0000000000000000       0x16 Src/syscalls.o
 .debug_macro   0x0000000000000000       0x29 Src/syscalls.o
 .debug_macro   0x0000000000000000       0x10 Src/syscalls.o
 .debug_macro   0x0000000000000000      0x241 Src/syscalls.o
 .debug_macro   0x0000000000000000       0x1c Src/syscalls.o
 .debug_macro   0x0000000000000000       0x10 Src/syscalls.o
 .debug_macro   0x0000000000000000       0x10 Src/syscalls.o
 .debug_macro   0x0000000000000000       0x16 Src/syscalls.o
 .debug_macro   0x0000000000000000      0x145 Src/syscalls.o
 .debug_macro   0x0000000000000000      0x189 Src/syscalls.o
 .debug_macro   0x0000000000000000       0x16 Src/syscalls.o
 .debug_macro   0x0000000000000000       0x88 Src/syscalls.o
 .debug_line    0x0000000000000000      0x87f Src/syscalls.o
 .debug_str     0x0000000000000000     0x886f Src/syscalls.o
 .comment       0x0000000000000000       0x7c Src/syscalls.o
 .debug_frame   0x0000000000000000      0x2ac Src/syscalls.o
 .ARM.attributes
                0x0000000000000000       0x33 Src/syscalls.o
 .group         0x0000000000000000        0xc Src/sysmem.o
 .group         0x0000000000000000        0xc Src/sysmem.o
 .group         0x0000000000000000        0xc Src/sysmem.o
 .group         0x0000000000000000        0xc Src/sysmem.o
 .group         0x0000000000000000        0xc Src/sysmem.o
 .group         0x0000000000000000        0xc Src/sysmem.o
 .group         0x0000000000000000        0xc Src/sysmem.o
 .group         0x0000000000000000        0xc Src/sysmem.o
 .group         0x0000000000000000        0xc Src/sysmem.o
 .group         0x0000000000000000        0xc Src/sysmem.o
 .group         0x0000000000000000        0xc Src/sysmem.o
 .group         0x0000000000000000        0xc Src/sysmem.o
 .group         0x0000000000000000        0xc Src/sysmem.o
 .group         0x0000000000000000        0xc Src/sysmem.o
 .group         0x0000000000000000        0xc Src/sysmem.o
 .group         0x0000000000000000        0xc Src/sysmem.o
 .group         0x0000000000000000        0xc Src/sysmem.o
 .group         0x0000000000000000        0xc Src/sysmem.o
 .group         0x0000000000000000        0xc Src/sysmem.o
 .text          0x0000000000000000        0x0 Src/sysmem.o
 .data          0x0000000000000000        0x0 Src/sysmem.o
 .bss           0x0000000000000000        0x0 Src/sysmem.o
 .bss.__sbrk_heap_end
                0x0000000000000000        0x4 Src/sysmem.o
 .text._sbrk    0x0000000000000000       0x6c Src/sysmem.o
 .debug_info    0x0000000000000000      0x985 Src/sysmem.o
 .debug_abbrev  0x0000000000000000      0x19b Src/sysmem.o
 .debug_aranges
                0x0000000000000000       0x20 Src/sysmem.o
 .debug_ranges  0x0000000000000000       0x10 Src/sysmem.o
 .debug_macro   0x0000000000000000       0xee Src/sysmem.o
 .debug_macro   0x0000000000000000      0xa60 Src/sysmem.o
 .debug_macro   0x0000000000000000       0x10 Src/sysmem.o
 .debug_macro   0x0000000000000000       0x22 Src/sysmem.o
 .debug_macro   0x0000000000000000       0x40 Src/sysmem.o
 .debug_macro   0x0000000000000000       0x18 Src/sysmem.o
 .debug_macro   0x0000000000000000       0x94 Src/sysmem.o
 .debug_macro   0x0000000000000000       0x3c Src/sysmem.o
 .debug_macro   0x0000000000000000       0x34 Src/sysmem.o
 .debug_macro   0x0000000000000000      0x174 Src/sysmem.o
 .debug_macro   0x0000000000000000       0x57 Src/sysmem.o
 .debug_macro   0x0000000000000000       0x52 Src/sysmem.o
 .debug_macro   0x0000000000000000       0x1f Src/sysmem.o
 .debug_macro   0x0000000000000000       0x43 Src/sysmem.o
 .debug_macro   0x0000000000000000       0x20 Src/sysmem.o
 .debug_macro   0x0000000000000000      0x1a3 Src/sysmem.o
 .debug_macro   0x0000000000000000      0x23b Src/sysmem.o
 .debug_macro   0x0000000000000000       0xef Src/sysmem.o
 .debug_macro   0x0000000000000000       0x6a Src/sysmem.o
 .debug_macro   0x0000000000000000      0x1df Src/sysmem.o
 .debug_line    0x0000000000000000      0x608 Src/sysmem.o
 .debug_str     0x0000000000000000     0x5f3d Src/sysmem.o
 .comment       0x0000000000000000       0x7c Src/sysmem.o
 .debug_frame   0x0000000000000000       0x34 Src/sysmem.o
 .ARM.attributes
                0x0000000000000000       0x33 Src/sysmem.o
 .text          0x0000000000000000       0x14 Startup/startup_stm32f103c8tx.o
 .data          0x0000000000000000        0x0 Startup/startup_stm32f103c8tx.o
 .bss           0x0000000000000000        0x0 Startup/startup_stm32f103c8tx.o
 .text          0x0000000000000000        0x0 d:/installed programs/stm32cubeide_1.4.0/stm32cubeide/plugins/com.st.stm32cube.ide.mcu.externaltools.gnu-tools-for-stm32.7-2018-q2-update.win32_1.4.0.202007081208/tools/bin/../lib/gcc/arm-none-eabi/7.3.1/../../../../arm-none-eabi/lib/thumb/v7-m\libc_nano.a(lib_a-errno.o)
 .data          0x0000000000000000        0x0 d:/installed programs/stm32cubeide_1.4.0/stm32cubeide/plugins/com.st.stm32cube.ide.mcu.externaltools.gnu-tools-for-stm32.7-2018-q2-update.win32_1.4.0.202007081208/tools/bin/../lib/gcc/arm-none-eabi/7.3.1/../../../../arm-none-eabi/lib/thumb/v7-m\libc_nano.a(lib_a-errno.o)
 .bss           0x0000000000000000        0x0 d:/installed programs/stm32cubeide_1.4.0/stm32cubeide/plugins/com.st.stm32cube.ide.mcu.externaltools.gnu-tools-for-stm32.7-2018-q2-update.win32_1.4.0.202007081208/tools/bin/../lib/gcc/arm-none-eabi/7.3.1/../../../../arm-none-eabi/lib/thumb/v7-m\libc_nano.a(lib_a-errno.o)
 .text.__errno  0x0000000000000000        0xc d:/installed programs/stm32cubeide_1.4.0/stm32cubeide/plugins/com.st.stm32cube.ide.mcu.externaltools.gnu-tools-for-stm32.7-2018-q2-update.win32_1.4.0.202007081208/tools/bin/../lib/gcc/arm-none-eabi/7.3.1/../../../../arm-none-eabi/lib/thumb/v7-m\libc_nano.a(lib_a-errno.o)
 .debug_frame   0x0000000000000000       0x20 d:/installed programs/stm32cubeide_1.4.0/stm32cubeide/plugins/com.st.stm32cube.ide.mcu.externaltools.gnu-tools-for-stm32.7-2018-q2-update.win32_1.4.0.202007081208/tools/bin/../lib/gcc/arm-none-eabi/7.3.1/../../../../arm-none-eabi/lib/thumb/v7-m\libc_nano.a(lib_a-errno.o)
 .ARM.attributes
                0x0000000000000000       0x2d d:/installed programs/stm32cubeide_1.4.0/stm32cubeide/plugins/com.st.stm32cube.ide.mcu.externaltools.gnu-tools-for-stm32.7-2018-q2-update.win32_1.4.0.202007081208/tools/bin/../lib/gcc/arm-none-eabi/7.3.1/../../../../arm-none-eabi/lib/thumb/v7-m\libc_nano.a(lib_a-errno.o)
 .text          0x0000000000000000        0x0 d:/installed programs/stm32cubeide_1.4.0/stm32cubeide/plugins/com.st.stm32cube.ide.mcu.externaltools.gnu-tools-for-stm32.7-2018-q2-update.win32_1.4.0.202007081208/tools/bin/../lib/gcc/arm-none-eabi/7.3.1/../../../../arm-none-eabi/lib/thumb/v7-m\libc_nano.a(lib_a-exit.o)
 .data          0x0000000000000000        0x0 d:/installed programs/stm32cubeide_1.4.0/stm32cubeide/plugins/com.st.stm32cube.ide.mcu.externaltools.gnu-tools-for-stm32.7-2018-q2-update.win32_1.4.0.202007081208/tools/bin/../lib/gcc/arm-none-eabi/7.3.1/../../../../arm-none-eabi/lib/thumb/v7-m\libc_nano.a(lib_a-exit.o)
 .bss           0x0000000000000000        0x0 d:/installed programs/stm32cubeide_1.4.0/stm32cubeide/plugins/com.st.stm32cube.ide.mcu.externaltools.gnu-tools-for-stm32.7-2018-q2-update.win32_1.4.0.202007081208/tools/bin/../lib/gcc/arm-none-eabi/7.3.1/../../../../arm-none-eabi/lib/thumb/v7-m\libc_nano.a(lib_a-exit.o)
 .text.exit     0x0000000000000000       0x28 d:/installed programs/stm32cubeide_1.4.0/stm32cubeide/plugins/com.st.stm32cube.ide.mcu.externaltools.gnu-tools-for-stm32.7-2018-q2-update.win32_1.4.0.202007081208/tools/bin/../lib/gcc/arm-none-eabi/7.3.1/../../../../arm-none-eabi/lib/thumb/v7-m\libc_nano.a(lib_a-exit.o)
 .debug_frame   0x0000000000000000       0x28 d:/installed programs/stm32cubeide_1.4.0/stm32cubeide/plugins/com.st.stm32cube.ide.mcu.externaltools.gnu-tools-for-stm32.7-2018-q2-update.win32_1.4.0.202007081208/tools/bin/../lib/gcc/arm-none-eabi/7.3.1/../../../../arm-none-eabi/lib/thumb/v7-m\libc_nano.a(lib_a-exit.o)
 .ARM.attributes
                0x0000000000000000       0x2d d:/installed programs/stm32cubeide_1.4.0/stm32cubeide/plugins/com.st.stm32cube.ide.mcu.externaltools.gnu-tools-for-stm32.7-2018-q2-update.win32_1.4.0.202007081208/tools/bin/../lib/gcc/arm-none-eabi/7.3.1/../../../../arm-none-eabi/lib/thumb/v7-m\libc_nano.a(lib_a-exit.o)
 .text          0x0000000000000000        0x0 d:/installed programs/stm32cubeide_1.4.0/stm32cubeide/plugins/com.st.stm32cube.ide.mcu.externaltools.gnu-tools-for-stm32.7-2018-q2-update.win32_1.4.0.202007081208/tools/bin/../lib/gcc/arm-none-eabi/7.3.1/../../../../arm-none-eabi/lib/thumb/v7-m\libc_nano.a(lib_a-impure.o)
 .data          0x0000000000000000        0x0 d:/installed programs/stm32cubeide_1.4.0/stm32cubeide/plugins/com.st.stm32cube.ide.mcu.externaltools.gnu-tools-for-stm32.7-2018-q2-update.win32_1.4.0.202007081208/tools/bin/../lib/gcc/arm-none-eabi/7.3.1/../../../../arm-none-eabi/lib/thumb/v7-m\libc_nano.a(lib_a-impure.o)
 .bss           0x0000000000000000        0x0 d:/installed programs/stm32cubeide_1.4.0/stm32cubeide/plugins/com.st.stm32cube.ide.mcu.externaltools.gnu-tools-for-stm32.7-2018-q2-update.win32_1.4.0.202007081208/tools/bin/../lib/gcc/arm-none-eabi/7.3.1/../../../../arm-none-eabi/lib/thumb/v7-m\libc_nano.a(lib_a-impure.o)
 .data._impure_ptr
                0x0000000000000000        0x4 d:/installed programs/stm32cubeide_1.4.0/stm32cubeide/plugins/com.st.stm32cube.ide.mcu.externaltools.gnu-tools-for-stm32.7-2018-q2-update.win32_1.4.0.202007081208/tools/bin/../lib/gcc/arm-none-eabi/7.3.1/../../../../arm-none-eabi/lib/thumb/v7-m\libc_nano.a(lib_a-impure.o)
 .data.impure_data
                0x0000000000000000       0x60 d:/installed programs/stm32cubeide_1.4.0/stm32cubeide/plugins/com.st.stm32cube.ide.mcu.externaltools.gnu-tools-for-stm32.7-2018-q2-update.win32_1.4.0.202007081208/tools/bin/../lib/gcc/arm-none-eabi/7.3.1/../../../../arm-none-eabi/lib/thumb/v7-m\libc_nano.a(lib_a-impure.o)
 .rodata._global_impure_ptr
                0x0000000000000000        0x4 d:/installed programs/stm32cubeide_1.4.0/stm32cubeide/plugins/com.st.stm32cube.ide.mcu.externaltools.gnu-tools-for-stm32.7-2018-q2-update.win32_1.4.0.202007081208/tools/bin/../lib/gcc/arm-none-eabi/7.3.1/../../../../arm-none-eabi/lib/thumb/v7-m\libc_nano.a(lib_a-impure.o)
 .ARM.attributes
                0x0000000000000000       0x2d d:/installed programs/stm32cubeide_1.4.0/stm32cubeide/plugins/com.st.stm32cube.ide.mcu.externaltools.gnu-tools-for-stm32.7-2018-q2-update.win32_1.4.0.202007081208/tools/bin/../lib/gcc/arm-none-eabi/7.3.1/../../../../arm-none-eabi/lib/thumb/v7-m\libc_nano.a(lib_a-impure.o)
 .text          0x0000000000000000        0x0 d:/installed programs/stm32cubeide_1.4.0/stm32cubeide/plugins/com.st.stm32cube.ide.mcu.externaltools.gnu-tools-for-stm32.7-2018-q2-update.win32_1.4.0.202007081208/tools/bin/../lib/gcc/arm-none-eabi/7.3.1/../../../../arm-none-eabi/lib/thumb/v7-m\libc_nano.a(lib_a-init.o)
 .data          0x0000000000000000        0x0 d:/installed programs/stm32cubeide_1.4.0/stm32cubeide/plugins/com.st.stm32cube.ide.mcu.externaltools.gnu-tools-for-stm32.7-2018-q2-update.win32_1.4.0.202007081208/tools/bin/../lib/gcc/arm-none-eabi/7.3.1/../../../../arm-none-eabi/lib/thumb/v7-m\libc_nano.a(lib_a-init.o)
 .bss           0x0000000000000000        0x0 d:/installed programs/stm32cubeide_1.4.0/stm32cubeide/plugins/com.st.stm32cube.ide.mcu.externaltools.gnu-tools-for-stm32.7-2018-q2-update.win32_1.4.0.202007081208/tools/bin/../lib/gcc/arm-none-eabi/7.3.1/../../../../arm-none-eabi/lib/thumb/v7-m\libc_nano.a(lib_a-init.o)
 .text          0x0000000000000000        0x0 d:/installed programs/stm32cubeide_1.4.0/stm32cubeide/plugins/com.st.stm32cube.ide.mcu.externaltools.gnu-tools-for-stm32.7-2018-q2-update.win32_1.4.0.202007081208/tools/bin/../lib/gcc/arm-none-eabi/7.3.1/../../../../arm-none-eabi/lib/thumb/v7-m\libc_nano.a(lib_a-memset.o)
 .data          0x0000000000000000        0x0 d:/installed programs/stm32cubeide_1.4.0/stm32cubeide/plugins/com.st.stm32cube.ide.mcu.externaltools.gnu-tools-for-stm32.7-2018-q2-update.win32_1.4.0.202007081208/tools/bin/../lib/gcc/arm-none-eabi/7.3.1/../../../../arm-none-eabi/lib/thumb/v7-m\libc_nano.a(lib_a-memset.o)
 .bss           0x0000000000000000        0x0 d:/installed programs/stm32cubeide_1.4.0/stm32cubeide/plugins/com.st.stm32cube.ide.mcu.externaltools.gnu-tools-for-stm32.7-2018-q2-update.win32_1.4.0.202007081208/tools/bin/../lib/gcc/arm-none-eabi/7.3.1/../../../../arm-none-eabi/lib/thumb/v7-m\libc_nano.a(lib_a-memset.o)
 .text.memset   0x0000000000000000       0x10 d:/installed programs/stm32cubeide_1.4.0/stm32cubeide/plugins/com.st.stm32cube.ide.mcu.externaltools.gnu-tools-for-stm32.7-2018-q2-update.win32_1.4.0.202007081208/tools/bin/../lib/gcc/arm-none-eabi/7.3.1/../../../../arm-none-eabi/lib/thumb/v7-m\libc_nano.a(lib_a-memset.o)
 .debug_frame   0x0000000000000000       0x20 d:/installed programs/stm32cubeide_1.4.0/stm32cubeide/plugins/com.st.stm32cube.ide.mcu.externaltools.gnu-tools-for-stm32.7-2018-q2-update.win32_1.4.0.202007081208/tools/bin/../lib/gcc/arm-none-eabi/7.3.1/../../../../arm-none-eabi/lib/thumb/v7-m\libc_nano.a(lib_a-memset.o)
 .ARM.attributes
                0x0000000000000000       0x2d d:/installed programs/stm32cubeide_1.4.0/stm32cubeide/plugins/com.st.stm32cube.ide.mcu.externaltools.gnu-tools-for-stm32.7-2018-q2-update.win32_1.4.0.202007081208/tools/bin/../lib/gcc/arm-none-eabi/7.3.1/../../../../arm-none-eabi/lib/thumb/v7-m\libc_nano.a(lib_a-memset.o)
 .text          0x0000000000000000        0x0 d:/installed programs/stm32cubeide_1.4.0/stm32cubeide/plugins/com.st.stm32cube.ide.mcu.externaltools.gnu-tools-for-stm32.7-2018-q2-update.win32_1.4.0.202007081208/tools/bin/../lib/gcc/arm-none-eabi/7.3.1/thumb/v7-m/crtend.o
 .data          0x0000000000000000        0x0 d:/installed programs/stm32cubeide_1.4.0/stm32cubeide/plugins/com.st.stm32cube.ide.mcu.externaltools.gnu-tools-for-stm32.7-2018-q2-update.win32_1.4.0.202007081208/tools/bin/../lib/gcc/arm-none-eabi/7.3.1/thumb/v7-m/crtend.o
 .bss           0x0000000000000000        0x0 d:/installed programs/stm32cubeide_1.4.0/stm32cubeide/plugins/com.st.stm32cube.ide.mcu.externaltools.gnu-tools-for-stm32.7-2018-q2-update.win32_1.4.0.202007081208/tools/bin/../lib/gcc/arm-none-eabi/7.3.1/thumb/v7-m/crtend.o
 .eh_frame      0x0000000000000000        0x4 d:/installed programs/stm32cubeide_1.4.0/stm32cubeide/plugins/com.st.stm32cube.ide.mcu.externaltools.gnu-tools-for-stm32.7-2018-q2-update.win32_1.4.0.202007081208/tools/bin/../lib/gcc/arm-none-eabi/7.3.1/thumb/v7-m/crtend.o
 .ARM.attributes
                0x0000000000000000       0x2d d:/installed programs/stm32cubeide_1.4.0/stm32cubeide/plugins/com.st.stm32cube.ide.mcu.externaltools.gnu-tools-for-stm32.7-2018-q2-update.win32_1.4.0.202007081208/tools/bin/../lib/gcc/arm-none-eabi/7.3.1/thumb/v7-m/crtend.o
 .text          0x0000000000000000        0x0 d:/installed programs/stm32cubeide_1.4.0/stm32cubeide/plugins/com.st.stm32cube.ide.mcu.externaltools.gnu-tools-for-stm32.7-2018-q2-update.win32_1.4.0.202007081208/tools/bin/../lib/gcc/arm-none-eabi/7.3.1/thumb/v7-m/crtn.o
 .data          0x0000000000000000        0x0 d:/installed programs/stm32cubeide_1.4.0/stm32cubeide/plugins/com.st.stm32cube.ide.mcu.externaltools.gnu-tools-for-stm32.7-2018-q2-update.win32_1.4.0.202007081208/tools/bin/../lib/gcc/arm-none-eabi/7.3.1/thumb/v7-m/crtn.o
 .bss           0x0000000000000000        0x0 d:/installed programs/stm32cubeide_1.4.0/stm32cubeide/plugins/com.st.stm32cube.ide.mcu.externaltools.gnu-tools-for-stm32.7-2018-q2-update.win32_1.4.0.202007081208/tools/bin/../lib/gcc/arm-none-eabi/7.3.1/thumb/v7-m/crtn.o

Memory Configuration

Name             Origin             Length             Attributes
RAM              0x0000000020000000 0x0000000000005000 xrw
ROM              0x0000000008000000 0x0000000000010000 xr
*default*        0x0000000000000000 0xffffffffffffffff

Linker script and memory map

LOAD d:/installed programs/stm32cubeide_1.4.0/stm32cubeide/plugins/com.st.stm32cube.ide.mcu.externaltools.gnu-tools-for-stm32.7-2018-q2-update.win32_1.4.0.202007081208/tools/bin/../lib/gcc/arm-none-eabi/7.3.1/thumb/v7-m/crti.o
LOAD d:/installed programs/stm32cubeide_1.4.0/stm32cubeide/plugins/com.st.stm32cube.ide.mcu.externaltools.gnu-tools-for-stm32.7-2018-q2-update.win32_1.4.0.202007081208/tools/bin/../lib/gcc/arm-none-eabi/7.3.1/thumb/v7-m/crtbegin.o
LOAD d:/installed programs/stm32cubeide_1.4.0/stm32cubeide/plugins/com.st.stm32cube.ide.mcu.externaltools.gnu-tools-for-stm32.7-2018-q2-update.win32_1.4.0.202007081208/tools/bin/../lib/gcc/arm-none-eabi/7.3.1/../../../../arm-none-eabi/lib/thumb/v7-m/crt0.o
LOAD MCAL_Stm32F103C8T6_cpp/GPIO_Stm32F103C8T6_cpp/MCAL_GPIO.o
LOAD MCAL_Stm32F103C8T6_cpp/GPIO_Stm32F103C8T6_cpp/MCAL_GPIO_PIN.o
LOAD MCAL_Stm32F103C8T6_cpp/GPIO_Stm32F103C8T6_cpp/MCAL_GPIO_PORT.o
LOAD Src/main.o
LOAD Src/syscalls.o
LOAD Src/sysmem.o
LOAD Startup/startup_stm32f103c8tx.o
START GROUP
LOAD d:/installed programs/stm32cubeide_1.4.0/stm32cubeide/plugins/com.st.stm32cube.ide.mcu.externaltools.gnu-tools-for-stm32.7-2018-q2-update.win32_1.4.0.202007081208/tools/bin/../lib/gcc/arm-none-eabi/7.3.1/../../../../arm-none-eabi/lib/thumb/v7-m\libstdc++_nano.a
LOAD d:/installed programs/stm32cubeide_1.4.0/stm32cubeide/plugins/com.st.stm32cube.ide.mcu.externaltools.gnu-tools-for-stm32.7-2018-q2-update.win32_1.4.0.202007081208/tools/bin/../lib/gcc/arm-none-eabi/7.3.1/../../../../arm-none-eabi/lib/thumb/v7-m\libsupc++_nano.a
END GROUP
LOAD d:/installed programs/stm32cubeide_1.4.0/stm32cubeide/plugins/com.st.stm32cube.ide.mcu.externaltools.gnu-tools-for-stm32.7-2018-q2-update.win32_1.4.0.202007081208/tools/bin/../lib/gcc/arm-none-eabi/7.3.1/../../../../arm-none-eabi/lib/thumb/v7-m\libstdc++_nano.a
LOAD d:/installed programs/stm32cubeide_1.4.0/stm32cubeide/plugins/com.st.stm32cube.ide.mcu.externaltools.gnu-tools-for-stm32.7-2018-q2-update.win32_1.4.0.202007081208/tools/bin/../lib/gcc/arm-none-eabi/7.3.1/../../../../arm-none-eabi/lib/thumb/v7-m\libm.a
LOAD d:/installed programs/stm32cubeide_1.4.0/stm32cubeide/plugins/com.st.stm32cube.ide.mcu.externaltools.gnu-tools-for-stm32.7-2018-q2-update.win32_1.4.0.202007081208/tools/bin/../lib/gcc/arm-none-eabi/7.3.1/../../../../arm-none-eabi/lib/thumb/v7-m\libc_nano.a
START GROUP
LOAD d:/installed programs/stm32cubeide_1.4.0/stm32cubeide/plugins/com.st.stm32cube.ide.mcu.externaltools.gnu-tools-for-stm32.7-2018-q2-update.win32_1.4.0.202007081208/tools/bin/../lib/gcc/arm-none-eabi/7.3.1/thumb/v7-m\libgcc.a
LOAD d:/installed programs/stm32cubeide_1.4.0/stm32cubeide/plugins/com.st.stm32cube.ide.mcu.externaltools.gnu-tools-for-stm32.7-2018-q2-update.win32_1.4.0.202007081208/tools/bin/../lib/gcc/arm-none-eabi/7.3.1/../../../../arm-none-eabi/lib/thumb/v7-m\libc_nano.a
END GROUP
START GROUP
LOAD d:/installed programs/stm32cubeide_1.4.0/stm32cubeide/plugins/com.st.stm32cube.ide.mcu.externaltools.gnu-tools-for-stm32.7-2018-q2-update.win32_1.4.0.202007081208/tools/bin/../lib/gcc/arm-none-eabi/7.3.1/thumb/v7-m\libgcc.a
LOAD d:/installed programs/stm32cubeide_1.4.0/stm32cubeide/plugins/com.st.stm32cube.ide.mcu.externaltools.gnu-tools-for-stm32.7-2018-q2-update.win32_1.4.0.202007081208/tools/bin/../lib/gcc/arm-none-eabi/7.3.1/../../../../arm-none-eabi/lib/thumb/v7-m\libc_nano.a
LOAD d:/installed programs/stm32cubeide_1.4.0/stm32cubeide/plugins/com.st.stm32cube.ide.mcu.externaltools.gnu-tools-for-stm32.7-2018-q2-update.win32_1.4.0.202007081208/tools/bin/../lib/gcc/arm-none-eabi/7.3.1/../../../../arm-none-eabi/lib/thumb/v7-m\libnosys.a
END GROUP
START GROUP
LOAD d:/installed programs/stm32cubeide_1.4.0/stm32cubeide/plugins/com.st.stm32cube.ide.mcu.externaltools.gnu-tools-for-stm32.7-2018-q2-update.win32_1.4.0.202007081208/tools/bin/../lib/gcc/arm-none-eabi/7.3.1/thumb/v7-m\libgcc.a
LOAD d:/installed programs/stm32cubeide_1.4.0/stm32cubeide/plugins/com.st.stm32cube.ide.mcu.externaltools.gnu-tools-for-stm32.7-2018-q2-update.win32_1.4.0.202007081208/tools/bin/../lib/gcc/arm-none-eabi/7.3.1/../../../../arm-none-eabi/lib/thumb/v7-m\libc_nano.a
LOAD d:/installed programs/stm32cubeide_1.4.0/stm32cubeide/plugins/com.st.stm32cube.ide.mcu.externaltools.gnu-tools-for-stm32.7-2018-q2-update.win32_1.4.0.202007081208/tools/bin/../lib/gcc/arm-none-eabi/7.3.1/../../../../arm-none-eabi/lib/thumb/v7-m\libnosys.a
END GROUP
LOAD d:/installed programs/stm32cubeide_1.4.0/stm32cubeide/plugins/com.st.stm32cube.ide.mcu.externaltools.gnu-tools-for-stm32.7-2018-q2-update.win32_1.4.0.202007081208/tools/bin/../lib/gcc/arm-none-eabi/7.3.1/thumb/v7-m/crtend.o
LOAD d:/installed programs/stm32cubeide_1.4.0/stm32cubeide/plugins/com.st.stm32cube.ide.mcu.externaltools.gnu-tools-for-stm32.7-2018-q2-update.win32_1.4.0.202007081208/tools/bin/../lib/gcc/arm-none-eabi/7.3.1/thumb/v7-m/crtn.o
                0x0000000020005000                _estack = (ORIGIN (RAM) + LENGTH (RAM))
                0x0000000000000200                _Min_Heap_Size = 0x200
                0x0000000000000400                _Min_Stack_Size = 0x400

.isr_vector     0x0000000008000000      0x130
                0x0000000008000000                . = ALIGN (0x4)
 *(.isr_vector)
 .isr_vector    0x0000000008000000      0x130 Startup/startup_stm32f103c8tx.o
                0x0000000008000000                g_pfnVectors
                0x0000000008000130                . = ALIGN (0x4)

.text           0x0000000008000130      0x5c4
                0x0000000008000130                . = ALIGN (0x4)
 *(.text)
 .text          0x0000000008000130       0x40 d:/installed programs/stm32cubeide_1.4.0/stm32cubeide/plugins/com.st.stm32cube.ide.mcu.externaltools.gnu-tools-for-stm32.7-2018-q2-update.win32_1.4.0.202007081208/tools/bin/../lib/gcc/arm-none-eabi/7.3.1/thumb/v7-m/crtbegin.o
 *(.text*)
 .text._ZN9MCAL_GPIO16MCAL_GPIO_CLK_ENEv
                0x0000000008000170       0xa0 MCAL_Stm32F103C8T6_cpp/GPIO_Stm32F103C8T6_cpp/MCAL_GPIO.o
                0x0000000008000170                MCAL_GPIO::MCAL_GPIO_CLK_EN()
 .text._ZN9MCAL_GPIOC2Ev
                0x0000000008000210       0x14 MCAL_Stm32F103C8T6_cpp/GPIO_Stm32F103C8T6_cpp/MCAL_GPIO_PIN.o
                0x0000000008000210                MCAL_GPIO::MCAL_GPIO()
                0x0000000008000210                MCAL_GPIO::MCAL_GPIO()
 .text._ZN13MCAL_GPIO_PIN17Get_CRLH_PositionEv
                0x0000000008000224       0xa6 MCAL_Stm32F103C8T6_cpp/GPIO_Stm32F103C8T6_cpp/MCAL_GPIO_PIN.o
                0x0000000008000224                MCAL_GPIO_PIN::Get_CRLH_Position()
 .text._ZN13MCAL_GPIO_PINC2EP12GPIO_TypeDefth
                0x00000000080002ca       0x4c MCAL_Stm32F103C8T6_cpp/GPIO_Stm32F103C8T6_cpp/MCAL_GPIO_PIN.o
                0x00000000080002ca                MCAL_GPIO_PIN::MCAL_GPIO_PIN(GPIO_TypeDef*, unsigned short, unsigned char)
                0x00000000080002ca                MCAL_GPIO_PIN::MCAL_GPIO_PIN(GPIO_TypeDef*, unsigned short, unsigned char)
 .text._ZN13MCAL_GPIO_PIN18MCAL_GPIO_PIN_InitEv
                0x0000000008000316       0xf8 MCAL_Stm32F103C8T6_cpp/GPIO_Stm32F103C8T6_cpp/MCAL_GPIO_PIN.o
                0x0000000008000316                MCAL_GPIO_PIN::MCAL_GPIO_PIN_Init()
 .text._ZN13MCAL_GPIO_PIN18MCAL_GPIO_PIN_ReadEv
                0x000000000800040e       0x38 MCAL_Stm32F103C8T6_cpp/GPIO_Stm32F103C8T6_cpp/MCAL_GPIO_PIN.o
                0x000000000800040e                MCAL_GPIO_PIN::MCAL_GPIO_PIN_Read()
 .text._ZN14MCAL_GPIO_PORTC2EP12GPIO_TypeDefhh
                0x0000000008000446       0x3a MCAL_Stm32F103C8T6_cpp/GPIO_Stm32F103C8T6_cpp/MCAL_GPIO_PORT.o
                0x0000000008000446                MCAL_GPIO_PORT::MCAL_GPIO_PORT(GPIO_TypeDef*, unsigned char, unsigned char)
                0x0000000008000446                MCAL_GPIO_PORT::MCAL_GPIO_PORT(GPIO_TypeDef*, unsigned char, unsigned char)
 .text._ZN14MCAL_GPIO_PORT19MCAL_GPIO_PORT_InitEv
                0x0000000008000480       0xfc MCAL_Stm32F103C8T6_cpp/GPIO_Stm32F103C8T6_cpp/MCAL_GPIO_PORT.o
                0x0000000008000480                MCAL_GPIO_PORT::MCAL_GPIO_PORT_Init()
 .text._ZN14MCAL_GPIO_PORT20MCAL_GPIO_PORT_WriteEt
                0x000000000800057c       0x1e MCAL_Stm32F103C8T6_cpp/GPIO_Stm32F103C8T6_cpp/MCAL_GPIO_PORT.o
                0x000000000800057c                MCAL_GPIO_PORT::MCAL_GPIO_PORT_Write(unsigned short)
 *fill*         0x000000000800059a        0x2 
 .text.main     0x000000000800059c       0xa4 Src/main.o
                0x000000000800059c                main
 .text.Reset_Handler
                0x0000000008000640       0x50 Startup/startup_stm32f103c8tx.o
                0x0000000008000640                Reset_Handler
 .text.Default_Handler
                0x0000000008000690        0x2 Startup/startup_stm32f103c8tx.o
                0x0000000008000690                EXTI2_IRQHandler
                0x0000000008000690                TIM8_TRG_COM_IRQHandler
                0x0000000008000690                TIM8_CC_IRQHandler
                0x0000000008000690                DebugMon_Handler
                0x0000000008000690                TIM1_CC_IRQHandler
                0x0000000008000690                HardFault_Handler
                0x0000000008000690                TIM6_IRQHandler
                0x0000000008000690                SysTick_Handler
                0x0000000008000690                PVD_IRQHandler
                0x0000000008000690                SDIO_IRQHandler
                0x0000000008000690                PendSV_Handler
                0x0000000008000690                NMI_Handler
                0x0000000008000690                EXTI3_IRQHandler
                0x0000000008000690                USB_HP_CAN_TX_IRQHandler
                0x0000000008000690                EXTI0_IRQHandler
                0x0000000008000690                I2C2_EV_IRQHandler
                0x0000000008000690                UsageFault_Handler
                0x0000000008000690                ADC1_2_IRQHandler
                0x0000000008000690                SPI1_IRQHandler
                0x0000000008000690                CAN_SCE_IRQHandler
                0x0000000008000690                TAMPER_IRQHandler
                0x0000000008000690                TIM8_UP_IRQHandler
                0x0000000008000690                DMA2_Channel2_IRQHandler
                0x0000000008000690                DMA1_Channel4_IRQHandler
                0x0000000008000690                USART3_IRQHandler
                0x0000000008000690                RTC_IRQHandler
                0x0000000008000690                DMA1_Channel7_IRQHandler
                0x0000000008000690                UART5_IRQHandler
                0x0000000008000690                ADC3_IRQHandler
                0x0000000008000690                TIM4_IRQHandler
                0x0000000008000690                CAN_RX1_IRQHandler
                0x0000000008000690                DMA2_Channel1_IRQHandler
                0x0000000008000690                I2C1_EV_IRQHandler
                0x0000000008000690                DMA1_Channel6_IRQHandler
                0x0000000008000690                UART4_IRQHandler
                0x0000000008000690                TIM3_IRQHandler
                0x0000000008000690                RCC_IRQHandler
                0x0000000008000690                TIM1_TRG_COM_IRQHandler
                0x0000000008000690                DMA1_Channel1_IRQHandler
                0x0000000008000690                Default_Handler
                0x0000000008000690                EXTI15_10_IRQHandler
                0x0000000008000690                TIM7_IRQHandler
                0x0000000008000690                TIM5_IRQHandler
                0x0000000008000690                EXTI9_5_IRQHandler
                0x0000000008000690                SPI2_IRQHandler
                0x0000000008000690                USB_LP_CAN_RX0_IRQHandler
                0x0000000008000690                MemManage_Handler
                0x0000000008000690                SVC_Handler
                0x0000000008000690                DMA1_Channel5_IRQHandler
                0x0000000008000690                EXTI4_IRQHandler
                0x0000000008000690                DMA1_Channel3_IRQHandler
                0x0000000008000690                FSMC_IRQHandler
                0x0000000008000690                TIM1_UP_IRQHandler
                0x0000000008000690                WWDG_IRQHandler
                0x0000000008000690                TIM2_IRQHandler
                0x0000000008000690                TIM1_BRK_IRQHandler
                0x0000000008000690                EXTI1_IRQHandler
                0x0000000008000690                RTCAlarm_IRQHandler
                0x0000000008000690                DMA2_Channel4_5_IRQHandler
                0x0000000008000690                USART2_IRQHandler
                0x0000000008000690                I2C2_ER_IRQHandler
                0x0000000008000690                DMA1_Channel2_IRQHandler
                0x0000000008000690                TIM8_BRK_IRQHandler
                0x0000000008000690                FLASH_IRQHandler
                0x0000000008000690                BusFault_Handler
                0x0000000008000690                USART1_IRQHandler
                0x0000000008000690                SPI3_IRQHandler
                0x0000000008000690                I2C1_ER_IRQHandler
                0x0000000008000690                DMA2_Channel3_IRQHandler
 *fill*         0x0000000008000692        0x2 
 .text.__libc_init_array
                0x0000000008000694       0x48 d:/installed programs/stm32cubeide_1.4.0/stm32cubeide/plugins/com.st.stm32cube.ide.mcu.externaltools.gnu-tools-for-stm32.7-2018-q2-update.win32_1.4.0.202007081208/tools/bin/../lib/gcc/arm-none-eabi/7.3.1/../../../../arm-none-eabi/lib/thumb/v7-m\libc_nano.a(lib_a-init.o)
                0x0000000008000694                __libc_init_array
 *(.glue_7)
 .glue_7        0x00000000080006dc        0x0 linker stubs
 *(.glue_7t)
 .glue_7t       0x00000000080006dc        0x0 linker stubs
 *(.eh_frame)
 .eh_frame      0x00000000080006dc        0x0 d:/installed programs/stm32cubeide_1.4.0/stm32cubeide/plugins/com.st.stm32cube.ide.mcu.externaltools.gnu-tools-for-stm32.7-2018-q2-update.win32_1.4.0.202007081208/tools/bin/../lib/gcc/arm-none-eabi/7.3.1/thumb/v7-m/crtbegin.o
 *(.init)
 .init          0x00000000080006dc        0x4 d:/installed programs/stm32cubeide_1.4.0/stm32cubeide/plugins/com.st.stm32cube.ide.mcu.externaltools.gnu-tools-for-stm32.7-2018-q2-update.win32_1.4.0.202007081208/tools/bin/../lib/gcc/arm-none-eabi/7.3.1/thumb/v7-m/crti.o
                0x00000000080006dc                _init
 .init          0x00000000080006e0        0x8 d:/installed programs/stm32cubeide_1.4.0/stm32cubeide/plugins/com.st.stm32cube.ide.mcu.externaltools.gnu-tools-for-stm32.7-2018-q2-update.win32_1.4.0.202007081208/tools/bin/../lib/gcc/arm-none-eabi/7.3.1/thumb/v7-m/crtn.o
 *(.fini)
 .fini          0x00000000080006e8        0x4 d:/installed programs/stm32cubeide_1.4.0/stm32cubeide/plugins/com.st.stm32cube.ide.mcu.externaltools.gnu-tools-for-stm32.7-2018-q2-update.win32_1.4.0.202007081208/tools/bin/../lib/gcc/arm-none-eabi/7.3.1/thumb/v7-m/crti.o
                0x00000000080006e8                _fini
 .fini          0x00000000080006ec        0x8 d:/installed programs/stm32cubeide_1.4.0/stm32cubeide/plugins/com.st.stm32cube.ide.mcu.externaltools.gnu-tools-for-stm32.7-2018-q2-update.win32_1.4.0.202007081208/tools/bin/../lib/gcc/arm-none-eabi/7.3.1/thumb/v7-m/crtn.o
                0x00000000080006f4                . = ALIGN (0x4)
                0x00000000080006f4                _etext = .

.vfp11_veneer   0x00000000080006f4        0x0
 .vfp11_veneer  0x00000000080006f4        0x0 linker stubs

.v4_bx          0x00000000080006f4        0x0
 .v4_bx         0x00000000080006f4        0x0 linker stubs

.iplt           0x00000000080006f4        0x0
 .iplt          0x00000000080006f4        0x0 d:/installed programs/stm32cubeide_1.4.0/stm32cubeide/plugins/com.st.stm32cube.ide.mcu.externaltools.gnu-tools-for-stm32.7-2018-q2-update.win32_1.4.0.202007081208/tools/bin/../lib/gcc/arm-none-eabi/7.3.1/thumb/v7-m/crtbegin.o

.rel.dyn        0x00000000080006f4        0x0
 .rel.iplt      0x00000000080006f4        0x0 d:/installed programs/stm32cubeide_1.4.0/stm32cubeide/plugins/com.st.stm32cube.ide.mcu.externaltools.gnu-tools-for-stm32.7-2018-q2-update.win32_1.4.0.202007081208/tools/bin/../lib/gcc/arm-none-eabi/7.3.1/thumb/v7-m/crtbegin.o

.rodata         0x00000000080006f4        0x0
                0x00000000080006f4                . = ALIGN (0x4)
 *(.rodata)
 *(.rodata*)
                0x00000000080006f4                . = ALIGN (0x4)

.ARM.extab      0x00000000080006f4        0x0
                0x00000000080006f4                . = ALIGN (0x4)
 *(.ARM.extab* .gnu.linkonce.armextab.*)
                0x00000000080006f4                . = ALIGN (0x4)

.ARM            0x00000000080006f4        0x0
                0x00000000080006f4                . = ALIGN (0x4)
                0x00000000080006f4                __exidx_start = .
 *(.ARM.exidx*)
                0x00000000080006f4                __exidx_end = .
                0x00000000080006f4                . = ALIGN (0x4)

.preinit_array  0x00000000080006f4        0x0
                0x00000000080006f4                . = ALIGN (0x4)
                0x00000000080006f4                PROVIDE (__preinit_array_start = .)
 *(.preinit_array*)
                0x00000000080006f4                PROVIDE (__preinit_array_end = .)
                0x00000000080006f4                . = ALIGN (0x4)

.init_array     0x00000000080006f4        0x4
                0x00000000080006f4                . = ALIGN (0x4)
                0x00000000080006f4                PROVIDE (__init_array_start = .)
 *(SORT_BY_NAME(.init_array.*))
 *(.init_array*)
 .init_array    0x00000000080006f4        0x4 d:/installed programs/stm32cubeide_1.4.0/stm32cubeide/plugins/com.st.stm32cube.ide.mcu.externaltools.gnu-tools-for-stm32.7-2018-q2-update.win32_1.4.0.202007081208/tools/bin/../lib/gcc/arm-none-eabi/7.3.1/thumb/v7-m/crtbegin.o
                0x00000000080006f8                PROVIDE (__init_array_end = .)
                0x00000000080006f8                . = ALIGN (0x4)

.fini_array     0x00000000080006f8        0x4
                0x00000000080006f8                . = ALIGN (0x4)
                [!provide]                        PROVIDE (__fini_array_start = .)
 *(SORT_BY_NAME(.fini_array.*))
 *(.fini_array*)
 .fini_array    0x00000000080006f8        0x4 d:/installed programs/stm32cubeide_1.4.0/stm32cubeide/plugins/com.st.stm32cube.ide.mcu.externaltools.gnu-tools-for-stm32.7-2018-q2-update.win32_1.4.0.202007081208/tools/bin/../lib/gcc/arm-none-eabi/7.3.1/thumb/v7-m/crtbegin.o
                [!provide]                        PROVIDE (__fini_array_end = .)
                0x00000000080006fc                . = ALIGN (0x4)
                0x00000000080006fc                _sidata = LOADADDR (.data)

.data           0x0000000020000000        0x0 load address 0x00000000080006fc
                0x0000000020000000                . = ALIGN (0x4)
                0x0000000020000000                _sdata = .
 *(.data)
 *(.data*)
                0x0000000020000000                . = ALIGN (0x4)
                0x0000000020000000                _edata = .

.igot.plt       0x0000000020000000        0x0 load address 0x00000000080006fc
 .igot.plt      0x0000000020000000        0x0 d:/installed programs/stm32cubeide_1.4.0/stm32cubeide/plugins/com.st.stm32cube.ide.mcu.externaltools.gnu-tools-for-stm32.7-2018-q2-update.win32_1.4.0.202007081208/tools/bin/../lib/gcc/arm-none-eabi/7.3.1/thumb/v7-m/crtbegin.o
                0x0000000020000000                . = ALIGN (0x4)

.bss            0x0000000020000000       0x1c load address 0x00000000080006fc
                0x0000000020000000                _sbss = .
                0x0000000020000000                __bss_start__ = _sbss
 *(.bss)
 .bss           0x0000000020000000       0x1c d:/installed programs/stm32cubeide_1.4.0/stm32cubeide/plugins/com.st.stm32cube.ide.mcu.externaltools.gnu-tools-for-stm32.7-2018-q2-update.win32_1.4.0.202007081208/tools/bin/../lib/gcc/arm-none-eabi/7.3.1/thumb/v7-m/crtbegin.o
 *(.bss*)
 *(COMMON)
                0x000000002000001c                . = ALIGN (0x4)
                0x000000002000001c                _ebss = .
                0x000000002000001c                __bss_end__ = _ebss

._user_heap_stack
                0x000000002000001c      0x604 load address 0x00000000080006fc
                0x0000000020000020                . = ALIGN (0x8)
 *fill*         0x000000002000001c        0x4 
                [!provide]                        PROVIDE (end = .)
                0x0000000020000020                PROVIDE (_end = .)
                0x0000000020000220                . = (. + _Min_Heap_Size)
 *fill*         0x0000000020000020      0x200 
                0x0000000020000620                . = (. + _Min_Stack_Size)
 *fill*         0x0000000020000220      0x400 
                0x0000000020000620                . = ALIGN (0x8)

/DISCARD/
 libc.a(*)
 libm.a(*)
 libgcc.a(*)

.ARM.attributes
                0x0000000000000000       0x29
 *(.ARM.attributes)
 .ARM.attributes
                0x0000000000000000       0x1d d:/installed programs/stm32cubeide_1.4.0/stm32cubeide/plugins/com.st.stm32cube.ide.mcu.externaltools.gnu-tools-for-stm32.7-2018-q2-update.win32_1.4.0.202007081208/tools/bin/../lib/gcc/arm-none-eabi/7.3.1/thumb/v7-m/crti.o
 .ARM.attributes
                0x000000000000001d       0x2d d:/installed programs/stm32cubeide_1.4.0/stm32cubeide/plugins/com.st.stm32cube.ide.mcu.externaltools.gnu-tools-for-stm32.7-2018-q2-update.win32_1.4.0.202007081208/tools/bin/../lib/gcc/arm-none-eabi/7.3.1/thumb/v7-m/crtbegin.o
 .ARM.attributes
                0x000000000000004a       0x33 MCAL_Stm32F103C8T6_cpp/GPIO_Stm32F103C8T6_cpp/MCAL_GPIO.o
 .ARM.attributes
                0x000000000000007d       0x33 MCAL_Stm32F103C8T6_cpp/GPIO_Stm32F103C8T6_cpp/MCAL_GPIO_PIN.o
 .ARM.attributes
                0x00000000000000b0       0x33 MCAL_Stm32F103C8T6_cpp/GPIO_Stm32F103C8T6_cpp/MCAL_GPIO_PORT.o
 .ARM.attributes
                0x00000000000000e3       0x33 Src/main.o
 .ARM.attributes
                0x0000000000000116       0x21 Startup/startup_stm32f103c8tx.o
 .ARM.attributes
                0x0000000000000137       0x2d d:/installed programs/stm32cubeide_1.4.0/stm32cubeide/plugins/com.st.stm32cube.ide.mcu.externaltools.gnu-tools-for-stm32.7-2018-q2-update.win32_1.4.0.202007081208/tools/bin/../lib/gcc/arm-none-eabi/7.3.1/../../../../arm-none-eabi/lib/thumb/v7-m\libc_nano.a(lib_a-init.o)
 .ARM.attributes
                0x0000000000000164       0x1d d:/installed programs/stm32cubeide_1.4.0/stm32cubeide/plugins/com.st.stm32cube.ide.mcu.externaltools.gnu-tools-for-stm32.7-2018-q2-update.win32_1.4.0.202007081208/tools/bin/../lib/gcc/arm-none-eabi/7.3.1/thumb/v7-m/crtn.o
OUTPUT(CPP_Drivers.elf elf32-littlearm)

.debug_info     0x0000000000000000     0x4b28
 .debug_info    0x0000000000000000      0xfe9 MCAL_Stm32F103C8T6_cpp/GPIO_Stm32F103C8T6_cpp/MCAL_GPIO.o
 .debug_info    0x0000000000000fe9     0x1472 MCAL_Stm32F103C8T6_cpp/GPIO_Stm32F103C8T6_cpp/MCAL_GPIO_PIN.o
 .debug_info    0x000000000000245b     0x13e2 MCAL_Stm32F103C8T6_cpp/GPIO_Stm32F103C8T6_cpp/MCAL_GPIO_PORT.o
 .debug_info    0x000000000000383d     0x12c9 Src/main.o
 .debug_info    0x0000000000004b06       0x22 Startup/startup_stm32f103c8tx.o

.debug_abbrev   0x0000000000000000      0xcb9
 .debug_abbrev  0x0000000000000000      0x291 MCAL_Stm32F103C8T6_cpp/GPIO_Stm32F103C8T6_cpp/MCAL_GPIO.o
 .debug_abbrev  0x0000000000000291      0x388 MCAL_Stm32F103C8T6_cpp/GPIO_Stm32F103C8T6_cpp/MCAL_GPIO_PIN.o
 .debug_abbrev  0x0000000000000619      0x388 MCAL_Stm32F103C8T6_cpp/GPIO_Stm32F103C8T6_cpp/MCAL_GPIO_PORT.o
 .debug_abbrev  0x00000000000009a1      0x306 Src/main.o
 .debug_abbrev  0x0000000000000ca7       0x12 Startup/startup_stm32f103c8tx.o

.debug_aranges  0x0000000000000000      0x138
 .debug_aranges
                0x0000000000000000       0x20 MCAL_Stm32F103C8T6_cpp/GPIO_Stm32F103C8T6_cpp/MCAL_GPIO.o
 .debug_aranges
                0x0000000000000020       0x70 MCAL_Stm32F103C8T6_cpp/GPIO_Stm32F103C8T6_cpp/MCAL_GPIO_PIN.o
 .debug_aranges
                0x0000000000000090       0x60 MCAL_Stm32F103C8T6_cpp/GPIO_Stm32F103C8T6_cpp/MCAL_GPIO_PORT.o
 .debug_aranges
                0x00000000000000f0       0x20 Src/main.o
 .debug_aranges
                0x0000000000000110       0x28 Startup/startup_stm32f103c8tx.o

.debug_ranges   0x0000000000000000       0xf0
 .debug_ranges  0x0000000000000000       0x10 MCAL_Stm32F103C8T6_cpp/GPIO_Stm32F103C8T6_cpp/MCAL_GPIO.o
 .debug_ranges  0x0000000000000010       0x60 MCAL_Stm32F103C8T6_cpp/GPIO_Stm32F103C8T6_cpp/MCAL_GPIO_PIN.o
 .debug_ranges  0x0000000000000070       0x50 MCAL_Stm32F103C8T6_cpp/GPIO_Stm32F103C8T6_cpp/MCAL_GPIO_PORT.o
 .debug_ranges  0x00000000000000c0       0x10 Src/main.o
 .debug_ranges  0x00000000000000d0       0x20 Startup/startup_stm32f103c8tx.o

.debug_macro    0x0000000000000000     0x2958
 .debug_macro   0x0000000000000000      0x1ac MCAL_Stm32F103C8T6_cpp/GPIO_Stm32F103C8T6_cpp/MCAL_GPIO.o
 .debug_macro   0x00000000000001ac      0xb32 MCAL_Stm32F103C8T6_cpp/GPIO_Stm32F103C8T6_cpp/MCAL_GPIO.o
 .debug_macro   0x0000000000000cde       0x16 MCAL_Stm32F103C8T6_cpp/GPIO_Stm32F103C8T6_cpp/MCAL_GPIO.o
 .debug_macro   0x0000000000000cf4       0x1c MCAL_Stm32F103C8T6_cpp/GPIO_Stm32F103C8T6_cpp/MCAL_GPIO.o
 .debug_macro   0x0000000000000d10       0x22 MCAL_Stm32F103C8T6_cpp/GPIO_Stm32F103C8T6_cpp/MCAL_GPIO.o
 .debug_macro   0x0000000000000d32       0x8e MCAL_Stm32F103C8T6_cpp/GPIO_Stm32F103C8T6_cpp/MCAL_GPIO.o
 .debug_macro   0x0000000000000dc0       0x51 MCAL_Stm32F103C8T6_cpp/GPIO_Stm32F103C8T6_cpp/MCAL_GPIO.o
 .debug_macro   0x0000000000000e11       0xef MCAL_Stm32F103C8T6_cpp/GPIO_Stm32F103C8T6_cpp/MCAL_GPIO.o
 .debug_macro   0x0000000000000f00       0x6a MCAL_Stm32F103C8T6_cpp/GPIO_Stm32F103C8T6_cpp/MCAL_GPIO.o
 .debug_macro   0x0000000000000f6a      0x1df MCAL_Stm32F103C8T6_cpp/GPIO_Stm32F103C8T6_cpp/MCAL_GPIO.o
 .debug_macro   0x0000000000001149       0x22 MCAL_Stm32F103C8T6_cpp/GPIO_Stm32F103C8T6_cpp/MCAL_GPIO.o
 .debug_macro   0x000000000000116b      0x168 MCAL_Stm32F103C8T6_cpp/GPIO_Stm32F103C8T6_cpp/MCAL_GPIO.o
 .debug_macro   0x00000000000012d3       0x10 MCAL_Stm32F103C8T6_cpp/GPIO_Stm32F103C8T6_cpp/MCAL_GPIO.o
 .debug_macro   0x00000000000012e3      0x3f4 MCAL_Stm32F103C8T6_cpp/GPIO_Stm32F103C8T6_cpp/MCAL_GPIO.o
 .debug_macro   0x00000000000016d7       0x10 MCAL_Stm32F103C8T6_cpp/GPIO_Stm32F103C8T6_cpp/MCAL_GPIO.o
 .debug_macro   0x00000000000016e7       0x18 MCAL_Stm32F103C8T6_cpp/GPIO_Stm32F103C8T6_cpp/MCAL_GPIO.o
 .debug_macro   0x00000000000016ff       0x46 MCAL_Stm32F103C8T6_cpp/GPIO_Stm32F103C8T6_cpp/MCAL_GPIO.o
 .debug_macro   0x0000000000001745       0x3c MCAL_Stm32F103C8T6_cpp/GPIO_Stm32F103C8T6_cpp/MCAL_GPIO.o
 .debug_macro   0x0000000000001781       0x34 MCAL_Stm32F103C8T6_cpp/GPIO_Stm32F103C8T6_cpp/MCAL_GPIO.o
 .debug_macro   0x00000000000017b5       0x16 MCAL_Stm32F103C8T6_cpp/GPIO_Stm32F103C8T6_cpp/MCAL_GPIO.o
 .debug_macro   0x00000000000017cb      0x10e MCAL_Stm32F103C8T6_cpp/GPIO_Stm32F103C8T6_cpp/MCAL_GPIO.o
 .debug_macro   0x00000000000018d9       0x94 MCAL_Stm32F103C8T6_cpp/GPIO_Stm32F103C8T6_cpp/MCAL_GPIO.o
 .debug_macro   0x000000000000196d       0x52 MCAL_Stm32F103C8T6_cpp/GPIO_Stm32F103C8T6_cpp/MCAL_GPIO.o
 .debug_macro   0x00000000000019bf       0x1f MCAL_Stm32F103C8T6_cpp/GPIO_Stm32F103C8T6_cpp/MCAL_GPIO.o
 .debug_macro   0x00000000000019de       0x43 MCAL_Stm32F103C8T6_cpp/GPIO_Stm32F103C8T6_cpp/MCAL_GPIO.o
 .debug_macro   0x0000000000001a21       0x20 MCAL_Stm32F103C8T6_cpp/GPIO_Stm32F103C8T6_cpp/MCAL_GPIO.o
 .debug_macro   0x0000000000001a41      0x1a3 MCAL_Stm32F103C8T6_cpp/GPIO_Stm32F103C8T6_cpp/MCAL_GPIO.o
 .debug_macro   0x0000000000001be4      0x353 MCAL_Stm32F103C8T6_cpp/GPIO_Stm32F103C8T6_cpp/MCAL_GPIO.o
 .debug_macro   0x0000000000001f37       0x16 MCAL_Stm32F103C8T6_cpp/GPIO_Stm32F103C8T6_cpp/MCAL_GPIO.o
 .debug_macro   0x0000000000001f4d       0x29 MCAL_Stm32F103C8T6_cpp/GPIO_Stm32F103C8T6_cpp/MCAL_GPIO.o
 .debug_macro   0x0000000000001f76       0x1c MCAL_Stm32F103C8T6_cpp/GPIO_Stm32F103C8T6_cpp/MCAL_GPIO.o
 .debug_macro   0x0000000000001f92       0xde MCAL_Stm32F103C8T6_cpp/GPIO_Stm32F103C8T6_cpp/MCAL_GPIO.o
 .debug_macro   0x0000000000002070      0x2ee MCAL_Stm32F103C8T6_cpp/GPIO_Stm32F103C8T6_cpp/MCAL_GPIO.o
 .debug_macro   0x000000000000235e       0xca MCAL_Stm32F103C8T6_cpp/GPIO_Stm32F103C8T6_cpp/MCAL_GPIO.o
 .debug_macro   0x0000000000002428      0x1b6 MCAL_Stm32F103C8T6_cpp/GPIO_Stm32F103C8T6_cpp/MCAL_GPIO_PIN.o
 .debug_macro   0x00000000000025de      0x1b6 MCAL_Stm32F103C8T6_cpp/GPIO_Stm32F103C8T6_cpp/MCAL_GPIO_PORT.o
 .debug_macro   0x0000000000002794      0x1c4 Src/main.o

.debug_line     0x0000000000000000     0x2b37
 .debug_line    0x0000000000000000      0xa26 MCAL_Stm32F103C8T6_cpp/GPIO_Stm32F103C8T6_cpp/MCAL_GPIO.o
 .debug_line    0x0000000000000a26      0xb4a MCAL_Stm32F103C8T6_cpp/GPIO_Stm32F103C8T6_cpp/MCAL_GPIO_PIN.o
 .debug_line    0x0000000000001570      0xb18 MCAL_Stm32F103C8T6_cpp/GPIO_Stm32F103C8T6_cpp/MCAL_GPIO_PORT.o
 .debug_line    0x0000000000002088      0xa2b Src/main.o
 .debug_line    0x0000000000002ab3       0x84 Startup/startup_stm32f103c8tx.o

.debug_str      0x0000000000000000     0xa53a
 .debug_str     0x0000000000000000     0x9e72 MCAL_Stm32F103C8T6_cpp/GPIO_Stm32F103C8T6_cpp/MCAL_GPIO.o
                                       0xa138 (size before relaxing)
 .debug_str     0x0000000000009e72      0x3a0 MCAL_Stm32F103C8T6_cpp/GPIO_Stm32F103C8T6_cpp/MCAL_GPIO_PIN.o
                                       0xa48c (size before relaxing)
 .debug_str     0x000000000000a212      0x2dc MCAL_Stm32F103C8T6_cpp/GPIO_Stm32F103C8T6_cpp/MCAL_GPIO_PORT.o
                                       0xa447 (size before relaxing)
 .debug_str     0x000000000000a4ee       0x1b Src/main.o
                                       0xa5db (size before relaxing)
 .debug_str     0x000000000000a509       0x31 Startup/startup_stm32f103c8tx.o
                                         0x6a (size before relaxing)

.comment        0x0000000000000000       0x7b
 .comment       0x0000000000000000       0x7b MCAL_Stm32F103C8T6_cpp/GPIO_Stm32F103C8T6_cpp/MCAL_GPIO.o
                                         0x7c (size before relaxing)
 .comment       0x000000000000007b       0x7c MCAL_Stm32F103C8T6_cpp/GPIO_Stm32F103C8T6_cpp/MCAL_GPIO_PIN.o
 .comment       0x000000000000007b       0x7c MCAL_Stm32F103C8T6_cpp/GPIO_Stm32F103C8T6_cpp/MCAL_GPIO_PORT.o
 .comment       0x000000000000007b       0x7c Src/main.o

.debug_frame    0x0000000000000000      0x3bc
 .debug_frame   0x0000000000000000       0x38 MCAL_Stm32F103C8T6_cpp/GPIO_Stm32F103C8T6_cpp/MCAL_GPIO.o
 .debug_frame   0x0000000000000038      0x1bc MCAL_Stm32F103C8T6_cpp/GPIO_Stm32F103C8T6_cpp/MCAL_GPIO_PIN.o
 .debug_frame   0x00000000000001f4      0x16c MCAL_Stm32F103C8T6_cpp/GPIO_Stm32F103C8T6_cpp/MCAL_GPIO_PORT.o
 .debug_frame   0x0000000000000360       0x30 Src/main.o
 .debug_frame   0x0000000000000390       0x2c d:/installed programs/stm32cubeide_1.4.0/stm32cubeide/plugins/com.st.stm32cube.ide.mcu.externaltools.gnu-tools-for-stm32.7-2018-q2-update.win32_1.4.0.202007081208/tools/bin/../lib/gcc/arm-none-eabi/7.3.1/../../../../arm-none-eabi/lib/thumb/v7-m\libc_nano.a(lib_a-init.o)
